Archive member included to satisfy reference by file (symbol)

C:/devkitPro/wut/usr/lib\libmocha.a(utils.o)
                              main.o (Mocha_DeInitLibrary)
C:/devkitPro/wut/usr/lib\libmocha.a(devoptab_fsa.o)
                              main.o (Mocha_UnmountFS)
C:/devkitPro/wut/usr/lib\libmocha.a(devoptab_fsa_chdir.o)
                              C:/devkitPro/wut/usr/lib\libmocha.a(devoptab_fsa.o) (__fsa_chdir)
C:/devkitPro/wut/usr/lib\libmocha.a(devoptab_fsa_chmod.o)
                              C:/devkitPro/wut/usr/lib\libmocha.a(devoptab_fsa.o) (__fsa_chmod)
C:/devkitPro/wut/usr/lib\libmocha.a(devoptab_fsa_close.o)
                              C:/devkitPro/wut/usr/lib\libmocha.a(devoptab_fsa.o) (__fsa_close)
C:/devkitPro/wut/usr/lib\libmocha.a(devoptab_fsa_dirclose.o)
                              C:/devkitPro/wut/usr/lib\libmocha.a(devoptab_fsa.o) (__fsa_dirclose)
C:/devkitPro/wut/usr/lib\libmocha.a(devoptab_fsa_dirnext.o)
                              C:/devkitPro/wut/usr/lib\libmocha.a(devoptab_fsa.o) (__fsa_dirnext)
C:/devkitPro/wut/usr/lib\libmocha.a(devoptab_fsa_diropen.o)
                              C:/devkitPro/wut/usr/lib\libmocha.a(devoptab_fsa.o) (__fsa_diropen)
C:/devkitPro/wut/usr/lib\libmocha.a(devoptab_fsa_dirreset.o)
                              C:/devkitPro/wut/usr/lib\libmocha.a(devoptab_fsa.o) (__fsa_dirreset)
C:/devkitPro/wut/usr/lib\libmocha.a(devoptab_fsa_fchmod.o)
                              C:/devkitPro/wut/usr/lib\libmocha.a(devoptab_fsa.o) (__fsa_fchmod)
C:/devkitPro/wut/usr/lib\libmocha.a(devoptab_fsa_fstat.o)
                              C:/devkitPro/wut/usr/lib\libmocha.a(devoptab_fsa.o) (__fsa_fstat)
C:/devkitPro/wut/usr/lib\libmocha.a(devoptab_fsa_fsync.o)
                              C:/devkitPro/wut/usr/lib\libmocha.a(devoptab_fsa.o) (__fsa_fsync)
C:/devkitPro/wut/usr/lib\libmocha.a(devoptab_fsa_link.o)
                              C:/devkitPro/wut/usr/lib\libmocha.a(devoptab_fsa.o) (__fsa_link)
C:/devkitPro/wut/usr/lib\libmocha.a(devoptab_fsa_mkdir.o)
                              C:/devkitPro/wut/usr/lib\libmocha.a(devoptab_fsa.o) (__fsa_mkdir)
C:/devkitPro/wut/usr/lib\libmocha.a(devoptab_fsa_open.o)
                              C:/devkitPro/wut/usr/lib\libmocha.a(devoptab_fsa.o) (__fsa_open)
C:/devkitPro/wut/usr/lib\libmocha.a(devoptab_fsa_read.o)
                              C:/devkitPro/wut/usr/lib\libmocha.a(devoptab_fsa.o) (__fsa_read)
C:/devkitPro/wut/usr/lib\libmocha.a(devoptab_fsa_rename.o)
                              C:/devkitPro/wut/usr/lib\libmocha.a(devoptab_fsa.o) (__fsa_rename)
C:/devkitPro/wut/usr/lib\libmocha.a(devoptab_fsa_rmdir.o)
                              C:/devkitPro/wut/usr/lib\libmocha.a(devoptab_fsa.o) (__fsa_rmdir)
C:/devkitPro/wut/usr/lib\libmocha.a(devoptab_fsa_seek.o)
                              C:/devkitPro/wut/usr/lib\libmocha.a(devoptab_fsa.o) (__fsa_seek)
C:/devkitPro/wut/usr/lib\libmocha.a(devoptab_fsa_stat.o)
                              C:/devkitPro/wut/usr/lib\libmocha.a(devoptab_fsa.o) (__fsa_stat)
C:/devkitPro/wut/usr/lib\libmocha.a(devoptab_fsa_statvfs.o)
                              C:/devkitPro/wut/usr/lib\libmocha.a(devoptab_fsa.o) (__fsa_statvfs)
C:/devkitPro/wut/usr/lib\libmocha.a(devoptab_fsa_truncate.o)
                              C:/devkitPro/wut/usr/lib\libmocha.a(devoptab_fsa.o) (__fsa_ftruncate)
C:/devkitPro/wut/usr/lib\libmocha.a(devoptab_fsa_unlink.o)
                              C:/devkitPro/wut/usr/lib\libmocha.a(devoptab_fsa.o) (__fsa_unlink)
C:/devkitPro/wut/usr/lib\libmocha.a(devoptab_fsa_utils.o)
                              C:/devkitPro/wut/usr/lib\libmocha.a(devoptab_fsa_chdir.o) (__fsa_fixpath)
C:/devkitPro/wut/usr/lib\libmocha.a(devoptab_fsa_utimes.o)
                              C:/devkitPro/wut/usr/lib\libmocha.a(devoptab_fsa.o) (__fsa_utimes)
C:/devkitPro/wut/usr/lib\libmocha.a(devoptab_fsa_write.o)
                              C:/devkitPro/wut/usr/lib\libmocha.a(devoptab_fsa.o) (__fsa_write)
C:/devkitPro/wut/lib\libwut.a(coreinit.o)
                              C:/devkitPro/wut/usr/lib\libmocha.a(devoptab_fsa.o) (DCFlushRange)
C:/devkitPro/wut/lib\libwut.a(sysapp.o)
                              C:/devkitPro/wut/usr/lib\libmocha.a(utils.o) (SYSCheckTitleExists)
C:/devkitPro/wut/lib\libwut.a(vpad.o)
                              main.o (VPADRead)
C:/devkitPro/wut/lib\libwut.a(crt0_rpx.o)
                              (__rpx_start)
C:/devkitPro/wut/lib\libwut.a(wut_crt.o)
                              C:/devkitPro/wut/lib\libwut.a(crt0_rpx.o) (__init_wut)
C:/devkitPro/wut/lib\libwut.a(wut_preinit.o)
                              C:/devkitPro/wut/lib\libwut.a(crt0_rpx.o) (__preinit_user)
C:/devkitPro/wut/lib\libwut.a(wut_malloc_lock.o)
                              C:/devkitPro/wut/lib\libwut.a(wut_preinit.o) (__init_wut_malloc_lock)
C:/devkitPro/wut/lib\libwut.a(wut_newlib.o)
                              C:/devkitPro/wut/lib\libwut.a(wut_crt.o) (__init_wut_newlib)
[...]
Memory Configuration

Name             Origin             Length             Attributes
codemem          0x02000000         0x0e000000         xrw
datamem          0x10000000         0x32000000         rw
loadmem          0xc0000000         0x08000000         xrw
*default*        0x00000000         0xffffffff

Linker script and memory map

                0x02000000                        . = ORIGIN (codemem)

.syscall
 *(.syscall .syscall.*)

.text           0x02000000    0x1e368
 *(.crt0)
 .crt0          0x02000000       0x60 C:/devkitPro/wut/lib\libwut.a(crt0_rpx.o)
                                 0x50 (size before relaxing)
                0x02000000                __rpx_start
 *(SORT_NONE(.init))
 .init          0x02000060        0xc C:/devkitPro/devkitPPC/bin/../lib/gcc/powerpc-eabi/13.2.0/ecrti.o
                0x02000060                __init
 .init          0x0200006c        0x4 C:/devkitPro/devkitPPC/bin/../lib/gcc/powerpc-eabi/13.2.0/crtbegin.o
 .init          0x02000070        0x4 C:/devkitPro/devkitPPC/bin/../lib/gcc/powerpc-eabi/13.2.0/crtend.o
 .init          0x02000074       0x10 C:/devkitPro/devkitPPC/bin/../lib/gcc/powerpc-eabi/13.2.0/ecrtn.o
 *(.text.unlikely .text.*_unlikely .text.unlikely.*)
 .text.unlikely._ZSt17__throw_bad_allocv
                0x02000084       0x34 C:/devkitPro/devkitPPC/bin/../lib/gcc/powerpc-eabi/13.2.0/../../../../powerpc-eabi/lib\libstdc++.a(functexcept.o)
                0x02000084                _ZSt17__throw_bad_allocv
 .text.unlikely._ZSt19__throw_logic_errorPKc
                0x020000b8       0x58 C:/devkitPro/devkitPPC/bin/../lib/gcc/powerpc-eabi/13.2.0/../../../../powerpc-eabi/lib\libstdc++.a(functexcept.o)
                0x020000b8                _ZSt19__throw_logic_errorPKc
 .text.unlikely._ZSt20__throw_length_errorPKc
                0x02000110       0x58 C:/devkitPro/devkitPPC/bin/../lib/gcc/powerpc-eabi/13.2.0/../../../../powerpc-eabi/lib\libstdc++.a(functexcept.o)
                0x02000110                _ZSt20__throw_length_errorPKc
 .text.unlikely._ZSt20__throw_system_errori
                0x02000168       0xbc C:/devkitPro/devkitPPC/bin/../lib/gcc/powerpc-eabi/13.2.0/../../../../powerpc-eabi/lib\libstdc++.a(system_error.o)
                0x02000168                _ZSt20__throw_system_errori
 .text.unlikely._ZN9__gnu_cxx30__throw_concurrence_lock_errorEv
                0x02000224       0x34 C:/devkitPro/devkitPPC/bin/../lib/gcc/powerpc-eabi/13.2.0/../../../../powerpc-eabi/lib\libstdc++.a(eh_alloc.o)
                0x02000224                _ZN9__gnu_cxx30__throw_concurrence_lock_errorEv
 .text.unlikely._ZN9__gnu_cxx32__throw_concurrence_unlock_errorEv
                0x02000258       0x34 C:/devkitPro/devkitPPC/bin/../lib/gcc/powerpc-eabi/13.2.0/../../../../powerpc-eabi/lib\libstdc++.a(eh_alloc.o)
                0x02000258                _ZN9__gnu_cxx32__throw_concurrence_unlock_errorEv
 .text.unlikely.abort
                0x0200028c       0x28 C:/devkitPro/devkitPPC/bin/../lib/gcc/powerpc-eabi/13.2.0/../../../../powerpc-eabi/lib\libsysbase.a(libsysbase_libsysbase_a-abort.o)
                0x0200028c                abort
 *(.text.exit .text.exit.*)
 .text.exit._GLOBAL__sub_D__Z7fsaInitv
                0x020002b4        0xc C:/devkitPro/wut/usr/lib\libmocha.a(devoptab_fsa.o)
 .text.exit._GLOBAL__sub_D__ZN9__gnu_cxx9__freeresEv
                0x020002c0       0x5c C:/devkitPro/devkitPPC/bin/../lib/gcc/powerpc-eabi/13.2.0/../../../../powerpc-eabi/lib\libstdc++.a(eh_alloc.o)
 .text.exit._GLOBAL__sub_D__ZN17__eh_globals_init7_S_initE
                0x0200031c       0x48 C:/devkitPro/devkitPPC/bin/../lib/gcc/powerpc-eabi/13.2.0/../../../../powerpc-eabi/lib\libstdc++.a(eh_globals.o)
 .text.exit     0x02000364       0x3c C:/devkitPro/devkitPPC/bin/../lib/gcc/powerpc-eabi/13.2.0/../../../../powerpc-eabi/lib\libc.a(libc_a-exit.o)
                0x02000364                exit
 *(.text.startup .text.startup.*)
 .text.startup.main
                0x020003a0      0xe74 main.o
                                0xcf4 (size before relaxing)
                0x020003a0                main
 .text.startup._GLOBAL__sub_I__Z7fsaInitv
                0x02001214        0xc C:/devkitPro/wut/usr/lib\libmocha.a(devoptab_fsa.o)
 .text.startup._GLOBAL__sub_I__ZN9__gnu_cxx9__freeresEv
                0x02001220      0x21c C:/devkitPro/devkitPPC/bin/../lib/gcc/powerpc-eabi/13.2.0/../../../../powerpc-eabi/lib\libstdc++.a(eh_alloc.o)
 .text.startup._GLOBAL__sub_I__ZN17__eh_globals_init7_S_initE
                0x0200143c       0x50 C:/devkitPro/devkitPPC/bin/../lib/gcc/powerpc-eabi/13.2.0/../../../../powerpc-eabi/lib\libstdc++.a(eh_globals.o)
 .text.startup.register_fini
                0x0200148c        0xc C:/devkitPro/devkitPPC/bin/../lib/gcc/powerpc-eabi/13.2.0/../../../../powerpc-eabi/lib\libc.a(libc_a-__call_atexit.o)
 *(.text.hot .text.hot.*)
 *(SORT_BY_NAME(.text.sorted.*))
 *(.text .stub .text.* .gnu.linkonce.t.*)
 .text.__do_global_dtors_aux
                0x02001498       0xcc C:/devkitPro/devkitPPC/bin/../lib/gcc/powerpc-eabi/13.2.0/crtbegin.o
 .text.frame_dummy
                0x02001564       0x24 C:/devkitPro/devkitPPC/bin/../lib/gcc/powerpc-eabi/13.2.0/crtbegin.o
 .text._ZNSt8_Rb_treeINSt7__cxx1112basic_stringIcSt11char_traitsIcESaIcEEES5_St9_IdentityIS5_ESt4lessIS5_ESaIS5_EE8_M_eraseEPSt13_Rb_tree_nodeIS5_E.isra.0
                0x02001588       0x74 main.o
 .text._Z7printlniPKc
                0x020015fc       0xa4 main.o
                                 0x84 (size before relaxing)
                0x020015fc                _Z7printlniPKc
 .text._Z8fsa_readiiPvi
                0x020016a0       0xb0 main.o
                                 0xa0 (size before relaxing)
                0x020016a0                _Z8fsa_readiiPvi
 .text._Z9fsa_writeiiPKvi
                0x02001750       0xb0 main.o
                                 0xa0 (size before relaxing)
                0x02001750                _Z9fsa_writeiiPKvi
 .text._ZNSt6vectorI7DirNameSaIS0_EED2Ev
                0x02001800       0x1c main.o
                0x02001800                _ZNSt6vectorI7DirNameSaIS0_EED2Ev
                0x02001800                _ZNSt6vectorI7DirNameSaIS0_EED1Ev
 .text._ZNSt3setINSt7__cxx1112basic_stringIcSt11char_traitsIcESaIcEEESt4lessIS5_ESaIS5_EE6insertEOS5_
                0x0200181c      0x2bc main.o
                0x0200181c                _ZNSt3setINSt7__cxx1112basic_stringIcSt11char_traitsIcESaIcEEESt4lessIS5_ESaIS5_EE6insertEOS5_
 .text._ZNSt6vectorI7DirNameSaIS0_EE17_M_realloc_insertIJRKS0_EEEvN9__gnu_cxx17__normal_iteratorIPS0_S2_EEDpOT_
                0x02001ad8      0x228 main.o
                0x02001ad8                _ZNSt6vectorI7DirNameSaIS0_EE17_M_realloc_insertIJRKS0_EEEvN9__gnu_cxx17__normal_iteratorIPS0_S2_EEDpOT_
 .text.Mocha_GetStatusStr
                0x02001d00       0x2c C:/devkitPro/wut/usr/lib\libmocha.a(utils.o)
                0x02001d00                Mocha_GetStatusStr
 .text.Mocha_DeInitLibrary
                0x02001d2c       0x68 C:/devkitPro/wut/usr/lib\libmocha.a(utils.o)
                                 0x58 (size before relaxing)
                0x02001d2c                Mocha_DeInitLibrary
 .text.Mocha_CheckAPIVersion
                0x02001d94      0x118 C:/devkitPro/wut/usr/lib\libmocha.a(utils.o)
                                 0xe8 (size before relaxing)
                0x02001d94                Mocha_CheckAPIVersion
 .text.Mocha_InitLibrary
                0x02001eac      0x13c C:/devkitPro/wut/usr/lib\libmocha.a(utils.o)
                                0x10c (size before relaxing)
                0x02001eac                Mocha_InitLibrary
 .text.Mocha_UnlockFSClientEx
                0x02001fe8       0xa0 C:/devkitPro/wut/usr/lib\libmocha.a(utils.o)
                                 0x90 (size before relaxing)
                0x02001fe8                Mocha_UnlockFSClientEx
 .text._ZL13fsaResetMountP13FSADeviceDataj
                0x02002088       0xc0 C:/devkitPro/wut/usr/lib\libmocha.a(devoptab_fsa.o)
                                 0xb0 (size before relaxing)
 .text._ZL8fsa_freeP13FSADeviceData
                0x02002148      0x160 C:/devkitPro/wut/usr/lib\libmocha.a(devoptab_fsa.o)
                                0x120 (size before relaxing)
 .text._Z9fsa_allocv
                0x020022a8      0x100 C:/devkitPro/wut/usr/lib\libmocha.a(devoptab_fsa.o)
                0x020022a8                _Z9fsa_allocv
 .text.Mocha_UnmountFS
                0x020023a8      0x400 C:/devkitPro/wut/usr/lib\libmocha.a(devoptab_fsa.o)
                                0x3f0 (size before relaxing)
                0x020023a8                Mocha_UnmountFS
 .text.Mocha_MountFSEx
                0x020027a8      0x4d4 C:/devkitPro/wut/usr/lib\libmocha.a(devoptab_fsa.o)
                                0x454 (size before relaxing)
                0x020027a8                Mocha_MountFSEx
 .text.__fsa_chdir
                0x02002c7c      0x14c C:/devkitPro/wut/usr/lib\libmocha.a(devoptab_fsa_chdir.o)
                                0x11c (size before relaxing)
                0x02002c7c                __fsa_chdir
 .text.__fsa_chmod
                0x02002dc8      0x174 C:/devkitPro/wut/usr/lib\libmocha.a(devoptab_fsa_chmod.o)
                                0x144 (size before relaxing)
                0x02002dc8                __fsa_chmod
 .text.__fsa_close
                0x02002f3c      0x160 C:/devkitPro/wut/usr/lib\libmocha.a(devoptab_fsa_close.o)
                                0x100 (size before relaxing)
                0x02002f3c                __fsa_close
 .text.__fsa_dirclose
                0x0200309c      0x16c C:/devkitPro/wut/usr/lib\libmocha.a(devoptab_fsa_dirclose.o)
                                0x10c (size before relaxing)
                0x0200309c                __fsa_dirclose
 .text.__fsa_dirnext
                0x02003208      0x234 C:/devkitPro/wut/usr/lib\libmocha.a(devoptab_fsa_dirnext.o)
                                0x1d4 (size before relaxing)
                0x02003208                __fsa_dirnext
 .text.__fsa_diropen
                0x0200343c      0x208 C:/devkitPro/wut/usr/lib\libmocha.a(devoptab_fsa_diropen.o)
                                0x198 (size before relaxing)
                0x0200343c                __fsa_diropen
 .text.__fsa_dirreset
                0x02003644      0x16c C:/devkitPro/wut/usr/lib\libmocha.a(devoptab_fsa_dirreset.o)
                                0x10c (size before relaxing)
                0x02003644                __fsa_dirreset
 .text.__fsa_fchmod
                0x020037b0       0x10 C:/devkitPro/wut/usr/lib\libmocha.a(devoptab_fsa_fchmod.o)
                0x020037b0                __fsa_fchmod
 .text.__fsa_fstat
                0x020037c0      0x190 C:/devkitPro/wut/usr/lib\libmocha.a(devoptab_fsa_fstat.o)
                                0x130 (size before relaxing)
                0x020037c0                __fsa_fstat
 .text.__fsa_fsync
                0x02003950      0x168 C:/devkitPro/wut/usr/lib\libmocha.a(devoptab_fsa_fsync.o)
                                0x108 (size before relaxing)
                0x02003950                __fsa_fsync
 .text.__fsa_link
                0x02003ab8       0x10 C:/devkitPro/wut/usr/lib\libmocha.a(devoptab_fsa_link.o)
                0x02003ab8                __fsa_link
 .text.__fsa_mkdir
                0x02003ac8      0x174 C:/devkitPro/wut/usr/lib\libmocha.a(devoptab_fsa_mkdir.o)
                                0x144 (size before relaxing)
                0x02003ac8                __fsa_mkdir
 .text.__fsa_open
                0x02003c3c      0x6e4 C:/devkitPro/wut/usr/lib\libmocha.a(devoptab_fsa_open.o)
                                0x644 (size before relaxing)
                0x02003c3c                __fsa_open
 .text.__fsa_read
                0x02004320      0x290 C:/devkitPro/wut/usr/lib\libmocha.a(devoptab_fsa_read.o)
                                0x230 (size before relaxing)
                0x02004320                __fsa_read
 .text.__fsa_rename
                0x020045b0      0x1a0 C:/devkitPro/wut/usr/lib\libmocha.a(devoptab_fsa_rename.o)
                                0x170 (size before relaxing)
                0x020045b0                __fsa_rename
 .text.__fsa_rmdir
                0x02004750      0x160 C:/devkitPro/wut/usr/lib\libmocha.a(devoptab_fsa_rmdir.o)
                                0x130 (size before relaxing)
                0x02004750                __fsa_rmdir
 .text.__fsa_seek
                0x020048b0      0x2cc C:/devkitPro/wut/usr/lib\libmocha.a(devoptab_fsa_seek.o)
                                0x25c (size before relaxing)
                0x020048b0                __fsa_seek
 .text.__fsa_stat
                0x02004b7c      0x184 C:/devkitPro/wut/usr/lib\libmocha.a(devoptab_fsa_stat.o)
                                0x154 (size before relaxing)
                0x02004b7c                __fsa_stat
 .text.__fsa_statvfs
                0x02004d00      0x1b0 C:/devkitPro/wut/usr/lib\libmocha.a(devoptab_fsa_statvfs.o)
                                0x180 (size before relaxing)
                0x02004d00                __fsa_statvfs
 .text.__fsa_ftruncate
                0x02004eb0      0x20c C:/devkitPro/wut/usr/lib\libmocha.a(devoptab_fsa_truncate.o)
                                0x19c (size before relaxing)
                0x02004eb0                __fsa_ftruncate
 .text.__fsa_unlink
                0x020050bc      0x14c C:/devkitPro/wut/usr/lib\libmocha.a(devoptab_fsa_unlink.o)
                                0x11c (size before relaxing)
                0x020050bc                __fsa_unlink
 .text.__fsa_fixpath
                0x02005208      0x13c C:/devkitPro/wut/usr/lib\libmocha.a(devoptab_fsa_utils.o)
                0x02005208                __fsa_fixpath
 .text.__fsa_translate_stat_mode
                0x02005344       0x80 C:/devkitPro/wut/usr/lib\libmocha.a(devoptab_fsa_utils.o)
                0x02005344                __fsa_translate_stat_mode
 .text.__fsa_translate_stat
                0x020053c4      0x138 C:/devkitPro/wut/usr/lib\libmocha.a(devoptab_fsa_utils.o)
                0x020053c4                __fsa_translate_stat
 .text.__fsa_translate_permission_mode
                0x020054fc       0x18 C:/devkitPro/wut/usr/lib\libmocha.a(devoptab_fsa_utils.o)
                0x020054fc                __fsa_translate_permission_mode
 .text.__fsa_translate_error
                0x02005514       0x28 C:/devkitPro/wut/usr/lib\libmocha.a(devoptab_fsa_utils.o)
                0x02005514                __fsa_translate_error
 .text.__fsa_utimes
                0x0200553c       0x10 C:/devkitPro/wut/usr/lib\libmocha.a(devoptab_fsa_utimes.o)
                0x0200553c                __fsa_utimes
 .text.__fsa_write
                0x0200554c      0x2bc C:/devkitPro/wut/usr/lib\libmocha.a(devoptab_fsa_write.o)
                                0x25c (size before relaxing)
                0x0200554c                __fsa_write
 .text.__init_wut
                0x02005808       0x48 C:/devkitPro/wut/lib\libwut.a(wut_crt.o)
                0x02005808                __init_wut
 .text.__fini_wut
                0x02005850       0x38 C:/devkitPro/wut/lib\libwut.a(wut_crt.o)
                0x02005850                __fini_wut
 .text.__preinit_user
                0x02005888       0x28 C:/devkitPro/wut/lib\libwut.a(wut_preinit.o)
                0x02005888                __preinit_user
 .text.__wut_malloc_lock
                0x020058b0       0x1c C:/devkitPro/wut/lib\libwut.a(wut_malloc_lock.o)
                                  0xc (size before relaxing)
                0x020058b0                __wut_malloc_lock
 .text.__wut_malloc_unlock
                0x020058cc       0x1c C:/devkitPro/wut/lib\libwut.a(wut_malloc_lock.o)
                                  0xc (size before relaxing)
                0x020058cc                __wut_malloc_unlock
 .text.__init_wut_malloc_lock
                0x020058e8       0x1c C:/devkitPro/wut/lib\libwut.a(wut_malloc_lock.o)
                                  0xc (size before relaxing)
                0x020058e8                __init_wut_malloc_lock
 .text._sbrk_r  0x02005904        0x4 C:/devkitPro/wut/lib\libwut.a(wut_newlib.o)
                0x02005904                _sbrk_r
 .text.__syscall_lock_init
                0x02005908        0x8 C:/devkitPro/wut/lib\libwut.a(wut_newlib.o)
                0x02005908                __syscall_lock_init
 .text.__syscall_lock_acquire
                0x02005910        0x4 C:/devkitPro/wut/lib\libwut.a(wut_newlib.o)
                0x02005910                __syscall_lock_acquire
 .text.__syscall_lock_release
                0x02005914        0x4 C:/devkitPro/wut/lib\libwut.a(wut_newlib.o)
                0x02005914                __syscall_lock_release
 .text.__syscall_lock_close
                0x02005918        0x4 C:/devkitPro/wut/lib\libwut.a(wut_newlib.o)
                0x02005918                __syscall_lock_close
 .text.__syscall_lock_init_recursive
                0x0200591c        0x8 C:/devkitPro/wut/lib\libwut.a(wut_newlib.o)
                0x0200591c                __syscall_lock_init_recursive
 .text.__syscall_malloc_lock
                0x02005924        0x4 C:/devkitPro/wut/lib\libwut.a(wut_newlib.o)
                0x02005924                __syscall_malloc_lock
 .text.__syscall_malloc_unlock
                0x02005928        0x4 C:/devkitPro/wut/lib\libwut.a(wut_newlib.o)
                0x02005928                __syscall_malloc_unlock
 .text.__syscall_getreent
                0x0200592c        0x4 C:/devkitPro/wut/lib\libwut.a(wut_newlib.o)
                0x0200592c                __syscall_getreent
 .text.__syscall_exit
                0x02005930       0x3c C:/devkitPro/wut/lib\libwut.a(wut_newlib.o)
                0x02005930                __syscall_exit
 .text.__init_wut_newlib
                0x0200596c       0x14 C:/devkitPro/wut/lib\libwut.a(wut_newlib.o)
                0x0200596c                __init_wut_newlib
 .text.__fini_wut_newlib
                0x02005980        0x4 C:/devkitPro/wut/lib\libwut.a(wut_newlib.o)
                0x02005980                __fini_wut_newlib
 .text.__wut_thread_cleanup
                0x02005984       0xa8 C:/devkitPro/wut/lib\libwut.a(wut_reent.o)
 .text.__wut_getreent
                0x02005a2c      0x124 C:/devkitPro/wut/lib\libwut.a(wut_reent.o)
                                0x104 (size before relaxing)
                0x02005a2c                __wut_getreent
 .text.__wut_sbrk_r
                0x02005b50       0xd8 C:/devkitPro/wut/lib\libwut.a(wut_sbrk.o)
                                 0xc8 (size before relaxing)
                0x02005b50                __wut_sbrk_r
 .text.__init_wut_sbrk_heap
                0x02005c28       0xa8 C:/devkitPro/wut/lib\libwut.a(wut_sbrk.o)
                                 0x88 (size before relaxing)
                0x02005c28                __init_wut_sbrk_heap
 .text.__fini_wut_sbrk_heap
                0x02005cd0       0x70 C:/devkitPro/wut/lib\libwut.a(wut_sbrk.o)
                                 0x60 (size before relaxing)
                0x02005cd0                __fini_wut_sbrk_heap
 .text.wut_set_thread_specific
                0x02005d40       0x18 C:/devkitPro/wut/lib\libwut.a(wut_thread_specific.o)
                                  0x8 (size before relaxing)
                0x02005d40                wut_set_thread_specific
 .text.wut_get_thread_specific
                0x02005d58       0x18 C:/devkitPro/wut/lib\libwut.a(wut_thread_specific.o)
                                  0x8 (size before relaxing)
                0x02005d58                wut_get_thread_specific
 .text.__wut_alloc_from_defaultheap
                0x02005d70        0x4 C:/devkitPro/wut/lib\libwut.a(wut_defaultheap.o)
                0x02005d70                __wut_alloc_from_defaultheap
 .text.__wut_alloc_from_defaultheap_ex
                0x02005d74       0x10 C:/devkitPro/wut/lib\libwut.a(wut_defaultheap.o)
                0x02005d74                __wut_alloc_from_defaultheap_ex
 .text.__wut_free_to_defaultheap
                0x02005d84        0x4 C:/devkitPro/wut/lib\libwut.a(wut_defaultheap.o)
                0x02005d84                __wut_free_to_defaultheap
 .text.__init_wut_defaultheap
                0x02005d88       0x34 C:/devkitPro/wut/lib\libwut.a(wut_defaultheap.o)
                0x02005d88                __init_wut_defaultheap
 .text.WHBLogPrint
                0x02005dbc       0xf0 C:/devkitPro/wut/lib\libwut.a(log.o)
                0x02005dbc                WHBLogPrint
 .text.procHomeButtonDenied
                0x02005eac       0x24 C:/devkitPro/wut/lib\libwut.a(proc.o)
 .text.procSaveCallback
                0x02005ed0       0x34 C:/devkitPro/wut/lib\libwut.a(proc.o)
                                 0x24 (size before relaxing)
 .text.WHBProcInit
                0x02005f04      0x150 C:/devkitPro/wut/lib\libwut.a(proc.o)
                                0x100 (size before relaxing)
                0x02005f04                WHBProcInit
 .text.WHBProcShutdown
                0x02006054       0x38 C:/devkitPro/wut/lib\libwut.a(proc.o)
                                 0x28 (size before relaxing)
                0x02006054                WHBProcShutdown
 .text.WHBProcIsRunning
                0x0200608c      0x100 C:/devkitPro/wut/lib\libwut.a(proc.o)
                                 0xb0 (size before relaxing)
                0x0200608c                WHBProcIsRunning
 .text.__gthr_impl_active
                0x0200618c        0x8 C:/devkitPro/wut/lib\libwut.a(wut_gthread.o)
                0x0200618c                __gthr_impl_active
 .text.__gthr_impl_once
                0x02006194        0x4 C:/devkitPro/wut/lib\libwut.a(wut_gthread.o)
                0x02006194                __gthr_impl_once
 .text.__gthr_impl_key_delete
                0x02006198       0x30 C:/devkitPro/wut/lib\libwut.a(wut_gthread.o)
                0x02006198                __gthr_impl_key_delete
 .text.__gthr_impl_getspecific
                0x020061c8       0x30 C:/devkitPro/wut/lib\libwut.a(wut_gthread.o)
                0x020061c8                __gthr_impl_getspecific
 .text.__gthr_impl_setspecific
                0x020061f8       0x30 C:/devkitPro/wut/lib\libwut.a(wut_gthread.o)
                0x020061f8                __gthr_impl_setspecific
 .text.__gthr_impl_mutex_init_function
                0x02006228        0x4 C:/devkitPro/wut/lib\libwut.a(wut_gthread.o)
                0x02006228                __gthr_impl_mutex_init_function
 .text.__gthr_impl_mutex_destroy
                0x0200622c        0x4 C:/devkitPro/wut/lib\libwut.a(wut_gthread.o)
                0x0200622c                __gthr_impl_mutex_destroy
 .text.__gthr_impl_mutex_lock
                0x02006230        0x4 C:/devkitPro/wut/lib\libwut.a(wut_gthread.o)
                0x02006230                __gthr_impl_mutex_lock
 .text.__gthr_impl_mutex_unlock
                0x02006234        0x4 C:/devkitPro/wut/lib\libwut.a(wut_gthread.o)
                0x02006234                __gthr_impl_mutex_unlock
 .text.__init_wut_stdcpp
                0x02006238        0x4 C:/devkitPro/wut/lib\libwut.a(wut_gthread.o)
                0x02006238                __init_wut_stdcpp
 .text.__fini_wut_stdcpp
                0x0200623c        0x4 C:/devkitPro/wut/lib\libwut.a(wut_gthread.o)
                0x0200623c                __fini_wut_stdcpp
 .text._Z16__wut_key_delete11__wut_key_t
                0x02006240       0x6c C:/devkitPro/wut/lib\libwut.a(wut_gthread_keys.o)
                0x02006240                _Z16__wut_key_delete11__wut_key_t
 .text._Z17__wut_getspecific11__wut_key_t
                0x020062ac       0x74 C:/devkitPro/wut/lib\libwut.a(wut_gthread_keys.o)
                0x020062ac                _Z17__wut_getspecific11__wut_key_t
 .text._Z17__wut_setspecific11__wut_key_tPKv
                0x02006320       0x88 C:/devkitPro/wut/lib\libwut.a(wut_gthread_keys.o)
                0x02006320                _Z17__wut_setspecific11__wut_key_tPKv
 .text._Z25__wut_mutex_init_functionP7OSMutex
                0x020063a8       0x14 C:/devkitPro/wut/lib\libwut.a(wut_gthread_mutex.o)
                                  0x4 (size before relaxing)
                0x020063a8                _Z25__wut_mutex_init_functionP7OSMutex
 .text._Z16__wut_mutex_lockP7OSMutex
                0x020063bc       0x34 C:/devkitPro/wut/lib\libwut.a(wut_gthread_mutex.o)
                                 0x24 (size before relaxing)
                0x020063bc                _Z16__wut_mutex_lockP7OSMutex
 .text._Z18__wut_mutex_unlockP7OSMutex
                0x020063f0       0x34 C:/devkitPro/wut/lib\libwut.a(wut_gthread_mutex.o)
                                 0x24 (size before relaxing)
                0x020063f0                _Z18__wut_mutex_unlockP7OSMutex
 .text._Z19__wut_mutex_destroyP7OSMutex
                0x02006424        0x8 C:/devkitPro/wut/lib\libwut.a(wut_gthread_mutex.o)
                0x02006424                _Z19__wut_mutex_destroyP7OSMutex
 .text._Z10__wut_oncePVjPFvvE
                0x0200642c       0xdc C:/devkitPro/wut/lib\libwut.a(wut_gthread_once.o)
                                 0xac (size before relaxing)
                0x0200642c                _Z10__wut_oncePVjPFvvE
 .text.__init_wut_devoptab
                0x02006508      0x220 C:/devkitPro/wut/lib\libwut.a(devoptab_fsa.o)
                                0x1d0 (size before relaxing)
                0x02006508                __init_wut_devoptab
 .text.__fini_wut_devoptab
                0x02006728       0xac C:/devkitPro/wut/lib\libwut.a(devoptab_fsa.o)
                                 0x8c (size before relaxing)
                0x02006728                __fini_wut_devoptab
 .text.__wut_fsa_dirclose
                0x020067d4       0xd0 C:/devkitPro/wut/lib\libwut.a(devoptab_fsa_dirclose.o)
                                 0xa0 (size before relaxing)
                0x020067d4                __wut_fsa_dirclose
 .text.__wut_fsa_dirnext
                0x020068a4      0x1dc C:/devkitPro/wut/lib\libwut.a(devoptab_fsa_dirnext.o)
                                0x1ac (size before relaxing)
                0x020068a4                __wut_fsa_dirnext
 .text.__wut_fsa_diropen
                0x02006a80      0x1a8 C:/devkitPro/wut/lib\libwut.a(devoptab_fsa_diropen.o)
                                0x168 (size before relaxing)
                0x02006a80                __wut_fsa_diropen
 .text.__wut_fsa_dirreset
                0x02006c28       0xd0 C:/devkitPro/wut/lib\libwut.a(devoptab_fsa_dirreset.o)
                                 0xa0 (size before relaxing)
                0x02006c28                __wut_fsa_dirreset
 .text.__wut_fsa_fstat
                0x02006cf8      0x104 C:/devkitPro/wut/lib\libwut.a(devoptab_fsa_fstat.o)
                                 0xd4 (size before relaxing)
                0x02006cf8                __wut_fsa_fstat
 .text.__wut_fsa_fsync
                0x02006dfc       0xcc C:/devkitPro/wut/lib\libwut.a(devoptab_fsa_fsync.o)
                                 0x9c (size before relaxing)
                0x02006dfc                __wut_fsa_fsync
 .text.__wut_fsa_mkdir
                0x02006ec8       0xf0 C:/devkitPro/wut/lib\libwut.a(devoptab_fsa_mkdir.o)
                                 0xe0 (size before relaxing)
                0x02006ec8                __wut_fsa_mkdir
 .text.__wut_fsa_open
                0x02006fb8      0x514 C:/devkitPro/wut/lib\libwut.a(devoptab_fsa_open.o)
                                0x4a4 (size before relaxing)
                0x02006fb8                __wut_fsa_open
 .text.__wut_fsa_read
                0x020074cc      0x1e4 C:/devkitPro/wut/lib\libwut.a(devoptab_fsa_read.o)
                                0x1b4 (size before relaxing)
                0x020074cc                __wut_fsa_read
 .text.__wut_fsa_rename
                0x020076b0      0x124 C:/devkitPro/wut/lib\libwut.a(devoptab_fsa_rename.o)
                                0x114 (size before relaxing)
                0x020076b0                __wut_fsa_rename
 .text.__wut_fsa_rmdir
                0x020077d4       0xd4 C:/devkitPro/wut/lib\libwut.a(devoptab_fsa_rmdir.o)
                                 0xc4 (size before relaxing)
                0x020077d4                __wut_fsa_rmdir
 .text.__wut_fsa_seek
                0x020078a8      0x1c4 C:/devkitPro/wut/lib\libwut.a(devoptab_fsa_seek.o)
                                0x184 (size before relaxing)
                0x020078a8                __wut_fsa_seek
 .text.__wut_fsa_stat
                0x02007a6c      0x128 C:/devkitPro/wut/lib\libwut.a(devoptab_fsa_stat.o)
                                0x118 (size before relaxing)
                0x02007a6c                __wut_fsa_stat
 .text.__wut_fsa_statvfs
                0x02007b94      0x178 C:/devkitPro/wut/lib\libwut.a(devoptab_fsa_statvfs.o)
                                0x168 (size before relaxing)
                0x02007b94                __wut_fsa_statvfs
 .text.__wut_fsa_ftruncate
                0x02007d0c      0x108 C:/devkitPro/wut/lib\libwut.a(devoptab_fsa_truncate.o)
                                 0xc8 (size before relaxing)
                0x02007d0c                __wut_fsa_ftruncate
 .text.__wut_fsa_unlink
                0x02007e14       0xd4 C:/devkitPro/wut/lib\libwut.a(devoptab_fsa_unlink.o)
                                 0xc4 (size before relaxing)
                0x02007e14                __wut_fsa_unlink
 .text.__wut_fsa_hashstring
                0x02007ee8       0x40 C:/devkitPro/wut/lib\libwut.a(devoptab_fsa_utils.o)
                0x02007ee8                __wut_fsa_hashstring
 .text.__wut_fsa_fixpath
                0x02007f28      0x35c C:/devkitPro/wut/lib\libwut.a(devoptab_fsa_utils.o)
                0x02007f28                __wut_fsa_fixpath
 .text.__wut_fsa_translate_stat_mode
                0x02008284       0x80 C:/devkitPro/wut/lib\libwut.a(devoptab_fsa_utils.o)
                0x02008284                __wut_fsa_translate_stat_mode
 .text.__wut_fsa_translate_stat
                0x02008304      0x144 C:/devkitPro/wut/lib\libwut.a(devoptab_fsa_utils.o)
                0x02008304                __wut_fsa_translate_stat
 .text.__wut_fsa_translate_error
                0x02008448       0x28 C:/devkitPro/wut/lib\libwut.a(devoptab_fsa_utils.o)
                0x02008448                __wut_fsa_translate_error
 .text.__wut_fsa_write
                0x02008470      0x204 C:/devkitPro/wut/lib\libwut.a(devoptab_fsa_write.o)
                                0x1d4 (size before relaxing)
                0x02008470                __wut_fsa_write
 .text.__wut_lock_init
                0x02008674       0xec C:/devkitPro/wut/lib\libwut.a(wut_lock.o)
                                 0xcc (size before relaxing)
                0x02008674                __wut_lock_init
 .text.__wut_lock_close
                0x02008760       0xd0 C:/devkitPro/wut/lib\libwut.a(wut_lock.o)
                                 0xc0 (size before relaxing)
                0x02008760                __wut_lock_close
 .text.__wut_lock_acquire
                0x02008830       0x64 C:/devkitPro/wut/lib\libwut.a(wut_lock.o)
                                 0x54 (size before relaxing)
                0x02008830                __wut_lock_acquire
 .text.__wut_lock_release
                0x02008894       0x64 C:/devkitPro/wut/lib\libwut.a(wut_lock.o)
                                 0x54 (size before relaxing)
                0x02008894                __wut_lock_release
 .text.__wut_fsa_chdir
                0x020088f8      0x130 C:/devkitPro/wut/lib\libwut.a(devoptab_fsa_chdir.o)
                                0x120 (size before relaxing)
                0x020088f8                __wut_fsa_chdir
 .text.__wut_fsa_chmod
                0x02008a28       0xf0 C:/devkitPro/wut/lib\libwut.a(devoptab_fsa_chmod.o)
                                 0xe0 (size before relaxing)
                0x02008a28                __wut_fsa_chmod
 .text.__wut_fsa_close
                0x02008b18       0xcc C:/devkitPro/wut/lib\libwut.a(devoptab_fsa_close.o)
                                 0x9c (size before relaxing)
                0x02008b18                __wut_fsa_close
 .text._ZdlPvj  0x02008be4        0x4 C:/devkitPro/devkitPPC/bin/../lib/gcc/powerpc-eabi/13.2.0/../../../../powerpc-eabi/lib\libstdc++.a(del_ops.o)
                0x02008be4                _ZdlPvj
 .text._ZL16get_adjusted_ptrPKSt9type_infoS1_PPv
                0x02008be8       0xa0 C:/devkitPro/devkitPPC/bin/../lib/gcc/powerpc-eabi/13.2.0/../../../../powerpc-eabi/lib\libstdc++.a(eh_personality.o)
 .text._ZL28read_encoded_value_with_basehjPKhPj
                0x02008c88      0x13c C:/devkitPro/devkitPPC/bin/../lib/gcc/powerpc-eabi/13.2.0/../../../../powerpc-eabi/lib\libstdc++.a(eh_personality.o)
 .text._ZL21base_of_encoded_valuehP15_Unwind_Context
                0x02008dc4       0x68 C:/devkitPro/devkitPPC/bin/../lib/gcc/powerpc-eabi/13.2.0/../../../../powerpc-eabi/lib\libstdc++.a(eh_personality.o)
 .text._ZL17parse_lsda_headerP15_Unwind_ContextPKhP16lsda_header_info
                0x02008e2c      0x11c C:/devkitPro/devkitPPC/bin/../lib/gcc/powerpc-eabi/13.2.0/../../../../powerpc-eabi/lib\libstdc++.a(eh_personality.o)
 .text._ZL20check_exception_specP16lsda_header_infoPKSt9type_infoPvl
                0x02008f48      0x138 C:/devkitPro/devkitPPC/bin/../lib/gcc/powerpc-eabi/13.2.0/../../../../powerpc-eabi/lib\libstdc++.a(eh_personality.o)
 .text.__gxx_personality_v0
                0x02009080      0x7a4 C:/devkitPro/devkitPPC/bin/../lib/gcc/powerpc-eabi/13.2.0/../../../../powerpc-eabi/lib\libstdc++.a(eh_personality.o)
                0x02009080                __gxx_personality_v0
 .text.__cxa_call_unexpected
                0x02009824       0xf8 C:/devkitPro/devkitPPC/bin/../lib/gcc/powerpc-eabi/13.2.0/../../../../powerpc-eabi/lib\libstdc++.a(eh_personality.o)
                0x02009824                __cxa_call_unexpected
 .text._ZN10__cxxabiv111__terminateEPFvvE
                0x0200991c       0x20 C:/devkitPro/devkitPPC/bin/../lib/gcc/powerpc-eabi/13.2.0/../../../../powerpc-eabi/lib\libstdc++.a(eh_terminate.o)
                0x0200991c                _ZN10__cxxabiv111__terminateEPFvvE
 .text._ZSt9terminatev
                0x0200993c       0x24 C:/devkitPro/devkitPPC/bin/../lib/gcc/powerpc-eabi/13.2.0/../../../../powerpc-eabi/lib\libstdc++.a(eh_terminate.o)
                0x0200993c                _ZSt9terminatev
 .text._ZN10__cxxabiv112__unexpectedEPFvvE
                0x02009960       0x18 C:/devkitPro/devkitPPC/bin/../lib/gcc/powerpc-eabi/13.2.0/../../../../powerpc-eabi/lib\libstdc++.a(eh_terminate.o)
                0x02009960                _ZN10__cxxabiv112__unexpectedEPFvvE
 .text._ZSt10unexpectedv
                0x02009978       0x24 C:/devkitPro/devkitPPC/bin/../lib/gcc/powerpc-eabi/13.2.0/../../../../powerpc-eabi/lib\libstdc++.a(eh_terminate.o)
                0x02009978                _ZSt10unexpectedv
 .text._ZSt13get_terminatev
                0x0200999c       0x18 C:/devkitPro/devkitPPC/bin/../lib/gcc/powerpc-eabi/13.2.0/../../../../powerpc-eabi/lib\libstdc++.a(eh_terminate.o)
                0x0200999c                _ZSt13get_terminatev
 .text._ZSt14get_unexpectedv
                0x020099b4       0x18 C:/devkitPro/devkitPPC/bin/../lib/gcc/powerpc-eabi/13.2.0/../../../../powerpc-eabi/lib\libstdc++.a(eh_terminate.o)
                0x020099b4                _ZSt14get_unexpectedv
 .text._ZL23__gxx_exception_cleanup19_Unwind_Reason_CodeP17_Unwind_Exception
                0x020099cc       0x8c C:/devkitPro/devkitPPC/bin/../lib/gcc/powerpc-eabi/13.2.0/../../../../powerpc-eabi/lib\libstdc++.a(eh_throw.o)
 .text.__cxa_init_primary_exception
                0x02009a58       0x70 C:/devkitPro/devkitPPC/bin/../lib/gcc/powerpc-eabi/13.2.0/../../../../powerpc-eabi/lib\libstdc++.a(eh_throw.o)
                0x02009a58                __cxa_init_primary_exception
 .text.__cxa_throw
                0x02009ac8       0x68 C:/devkitPro/devkitPPC/bin/../lib/gcc/powerpc-eabi/13.2.0/../../../../powerpc-eabi/lib\libstdc++.a(eh_throw.o)
                0x02009ac8                __cxa_throw
 .text.__cxa_rethrow
                0x02009b30       0x8c C:/devkitPro/devkitPPC/bin/../lib/gcc/powerpc-eabi/13.2.0/../../../../powerpc-eabi/lib\libstdc++.a(eh_throw.o)
                0x02009b30                __cxa_rethrow
 .text._Znwj    0x02009bbc       0x80 C:/devkitPro/devkitPPC/bin/../lib/gcc/powerpc-eabi/13.2.0/../../../../powerpc-eabi/lib\libstdc++.a(new_op.o)
                0x02009bbc                _Znwj
 .text._ZSt18_Rb_tree_incrementPKSt18_Rb_tree_node_base
                0x02009c3c       0x6c C:/devkitPro/devkitPPC/bin/../lib/gcc/powerpc-eabi/13.2.0/../../../../powerpc-eabi/lib\libstdc++.a(tree.o)
                0x02009c3c                _ZSt18_Rb_tree_incrementPKSt18_Rb_tree_node_base
 .text._ZSt18_Rb_tree_decrementPSt18_Rb_tree_node_base
                0x02009ca8       0x94 C:/devkitPro/devkitPPC/bin/../lib/gcc/powerpc-eabi/13.2.0/../../../../powerpc-eabi/lib\libstdc++.a(tree.o)
                0x02009ca8                _ZSt18_Rb_tree_decrementPSt18_Rb_tree_node_base
 .text._ZSt29_Rb_tree_insert_and_rebalancebPSt18_Rb_tree_node_baseS0_RS_
                0x02009d3c      0x2d4 C:/devkitPro/devkitPPC/bin/../lib/gcc/powerpc-eabi/13.2.0/../../../../powerpc-eabi/lib\libstdc++.a(tree.o)
                0x02009d3c                _ZSt29_Rb_tree_insert_and_rebalancebPSt18_Rb_tree_node_baseS0_RS_
 .text._ZNSt7__cxx1112basic_stringIcSt11char_traitsIcESaIcEE9_M_createERjj
                0x0200a010       0x68 C:/devkitPro/devkitPPC/bin/../lib/gcc/powerpc-eabi/13.2.0/../../../../powerpc-eabi/lib\libstdc++.a(string-inst.o)
                0x0200a010                _ZNSt7__cxx1112basic_stringIcSt11char_traitsIcESaIcEE9_M_createERjj
 .text._ZNSt7__cxx1112basic_stringIcSt11char_traitsIcESaIcEE10_M_disposeEv
                0x0200a078       0x18 C:/devkitPro/devkitPPC/bin/../lib/gcc/powerpc-eabi/13.2.0/../../../../powerpc-eabi/lib\libstdc++.a(string-inst.o)
                0x0200a078                _ZNSt7__cxx1112basic_stringIcSt11char_traitsIcESaIcEE10_M_disposeEv
 .text._ZNK12_GLOBAL__N_122generic_error_category4nameEv
                0x0200a090        0xc C:/devkitPro/devkitPPC/bin/../lib/gcc/powerpc-eabi/13.2.0/../../../../powerpc-eabi/lib\libstdc++.a(system_error.o)
 .text._ZNK12_GLOBAL__N_122generic_error_category10equivalentEiRKSt15error_condition
                0x0200a09c       0x30 C:/devkitPro/devkitPPC/bin/../lib/gcc/powerpc-eabi/13.2.0/../../../../powerpc-eabi/lib\libstdc++.a(system_error.o)
 .text._ZN12_GLOBAL__N_122generic_error_categoryD2Ev
                0x0200a0cc        0x4 C:/devkitPro/devkitPPC/bin/../lib/gcc/powerpc-eabi/13.2.0/../../../../powerpc-eabi/lib\libstdc++.a(system_error.o)
 .text._ZNKSt3_V214error_category23default_error_conditionEi
                0x0200a0d0       0x10 C:/devkitPro/devkitPPC/bin/../lib/gcc/powerpc-eabi/13.2.0/../../../../powerpc-eabi/lib\libstdc++.a(system_error.o)
                0x0200a0d0                _ZNKSt3_V214error_category23default_error_conditionEi
 .text._ZNKSt3_V214error_category10equivalentERKSt10error_codei
                0x0200a0e0       0x30 C:/devkitPro/devkitPPC/bin/../lib/gcc/powerpc-eabi/13.2.0/../../../../powerpc-eabi/lib\libstdc++.a(system_error.o)
                0x0200a0e0                _ZNKSt3_V214error_category10equivalentERKSt10error_codei
 .text._ZN12_GLOBAL__N_122generic_error_categoryD0Ev
                0x0200a110        0x4 C:/devkitPro/devkitPPC/bin/../lib/gcc/powerpc-eabi/13.2.0/../../../../powerpc-eabi/lib\libstdc++.a(system_error.o)
 .text._ZNSt12system_errorD2Ev
                0x0200a114       0x10 C:/devkitPro/devkitPPC/bin/../lib/gcc/powerpc-eabi/13.2.0/../../../../powerpc-eabi/lib\libstdc++.a(system_error.o)
                0x0200a114                _ZNSt12system_errorD1Ev
                0x0200a114                _ZNSt12system_errorD2Ev
 .text._ZNSt12system_errorD0Ev
                0x0200a124       0x3c C:/devkitPro/devkitPPC/bin/../lib/gcc/powerpc-eabi/13.2.0/../../../../powerpc-eabi/lib\libstdc++.a(system_error.o)
                0x0200a124                _ZNSt12system_errorD0Ev
 .text._ZNK12_GLOBAL__N_122generic_error_category7messageB5cxx11Ei
                0x0200a160      0x138 C:/devkitPro/devkitPPC/bin/../lib/gcc/powerpc-eabi/13.2.0/../../../../powerpc-eabi/lib\libstdc++.a(system_error.o)
 .text._ZNKSt3_V214error_category10_M_messageB5cxx11Ei
                0x0200a298       0x78 C:/devkitPro/devkitPPC/bin/../lib/gcc/powerpc-eabi/13.2.0/../../../../powerpc-eabi/lib\libstdc++.a(system_error.o)
                0x0200a298                _ZNKSt3_V214error_category10_M_messageB5cxx11Ei
 .text._ZNKSt9bad_alloc4whatEv
                0x0200a310        0xc C:/devkitPro/devkitPPC/bin/../lib/gcc/powerpc-eabi/13.2.0/../../../../powerpc-eabi/lib\libstdc++.a(bad_alloc.o)
                0x0200a310                _ZNKSt9bad_alloc4whatEv
 .text._ZNSt9bad_allocD2Ev
                0x0200a31c       0x10 C:/devkitPro/devkitPPC/bin/../lib/gcc/powerpc-eabi/13.2.0/../../../../powerpc-eabi/lib\libstdc++.a(bad_alloc.o)
                0x0200a31c                _ZNSt9bad_allocD1Ev
                0x0200a31c                _ZNSt9bad_allocD2Ev
 .text._ZNSt9bad_allocD0Ev
                0x0200a32c       0x40 C:/devkitPro/devkitPPC/bin/../lib/gcc/powerpc-eabi/13.2.0/../../../../powerpc-eabi/lib\libstdc++.a(bad_alloc.o)
                0x0200a32c                _ZNSt9bad_allocD0Ev
 .text._ZNK10__cxxabiv117__class_type_info11__do_upcastEPKS0_PPv
                0x0200a36c       0x7c C:/devkitPro/devkitPPC/bin/../lib/gcc/powerpc-eabi/13.2.0/../../../../powerpc-eabi/lib\libstdc++.a(class_type_info.o)
                0x0200a36c                _ZNK10__cxxabiv117__class_type_info11__do_upcastEPKS0_PPv
 .text._ZNK10__cxxabiv117__class_type_info20__do_find_public_srcEiPKvPKS0_S2_
                0x0200a3e8       0x18 C:/devkitPro/devkitPPC/bin/../lib/gcc/powerpc-eabi/13.2.0/../../../../powerpc-eabi/lib\libstdc++.a(class_type_info.o)
                0x0200a3e8                _ZNK10__cxxabiv117__class_type_info20__do_find_public_srcEiPKvPKS0_S2_
 .text._ZN10__cxxabiv117__class_type_infoD2Ev
                0x0200a400       0x10 C:/devkitPro/devkitPPC/bin/../lib/gcc/powerpc-eabi/13.2.0/../../../../powerpc-eabi/lib\libstdc++.a(class_type_info.o)
                0x0200a400                _ZN10__cxxabiv117__class_type_infoD2Ev
                0x0200a400                _ZN10__cxxabiv117__class_type_infoD1Ev
 .text._ZN10__cxxabiv117__class_type_infoD0Ev
                0x0200a410       0x40 C:/devkitPro/devkitPPC/bin/../lib/gcc/powerpc-eabi/13.2.0/../../../../powerpc-eabi/lib\libstdc++.a(class_type_info.o)
                0x0200a410                _ZN10__cxxabiv117__class_type_infoD0Ev
 .text._ZNK10__cxxabiv117__class_type_info11__do_upcastEPKS0_PKvRNS0_15__upcast_resultE
                0x0200a450       0x94 C:/devkitPro/devkitPPC/bin/../lib/gcc/powerpc-eabi/13.2.0/../../../../powerpc-eabi/lib\libstdc++.a(class_type_info.o)
                0x0200a450                _ZNK10__cxxabiv117__class_type_info11__do_upcastEPKS0_PKvRNS0_15__upcast_resultE
 .text._ZNK10__cxxabiv117__class_type_info10__do_catchEPKSt9type_infoPPvj
                0x0200a4e4      0x104 C:/devkitPro/devkitPPC/bin/../lib/gcc/powerpc-eabi/13.2.0/../../../../powerpc-eabi/lib\libstdc++.a(class_type_info.o)
                0x0200a4e4                _ZNK10__cxxabiv117__class_type_info10__do_catchEPKSt9type_infoPPvj
 .text._ZNK10__cxxabiv117__class_type_info12__do_dyncastEiNS0_10__sub_kindEPKS0_PKvS3_S5_RNS0_16__dyncast_resultE
                0x0200a5e8      0x138 C:/devkitPro/devkitPPC/bin/../lib/gcc/powerpc-eabi/13.2.0/../../../../powerpc-eabi/lib\libstdc++.a(class_type_info.o)
                0x0200a5e8                _ZNK10__cxxabiv117__class_type_info12__do_dyncastEiNS0_10__sub_kindEPKS0_PKvS3_S5_RNS0_16__dyncast_resultE
 .text._ZdlPv   0x0200a720        0x4 C:/devkitPro/devkitPPC/bin/../lib/gcc/powerpc-eabi/13.2.0/../../../../powerpc-eabi/lib\libstdc++.a(del_op.o)
                0x0200a720                _ZdlPv
 .text._ZNK9__gnu_cxx24__concurrence_lock_error4whatEv
                0x0200a724        0xc C:/devkitPro/devkitPPC/bin/../lib/gcc/powerpc-eabi/13.2.0/../../../../powerpc-eabi/lib\libstdc++.a(eh_alloc.o)
                0x0200a724                _ZNK9__gnu_cxx24__concurrence_lock_error4whatEv
 .text._ZNK9__gnu_cxx26__concurrence_unlock_error4whatEv
                0x0200a730        0xc C:/devkitPro/devkitPPC/bin/../lib/gcc/powerpc-eabi/13.2.0/../../../../powerpc-eabi/lib\libstdc++.a(eh_alloc.o)
                0x0200a730                _ZNK9__gnu_cxx26__concurrence_unlock_error4whatEv
 .text._ZN9__gnu_cxx24__concurrence_lock_errorD2Ev
                0x0200a73c       0x10 C:/devkitPro/devkitPPC/bin/../lib/gcc/powerpc-eabi/13.2.0/../../../../powerpc-eabi/lib\libstdc++.a(eh_alloc.o)
                0x0200a73c                _ZN9__gnu_cxx24__concurrence_lock_errorD1Ev
                0x0200a73c                _ZN9__gnu_cxx24__concurrence_lock_errorD2Ev
 .text._ZN9__gnu_cxx24__concurrence_lock_errorD0Ev
                0x0200a74c       0x40 C:/devkitPro/devkitPPC/bin/../lib/gcc/powerpc-eabi/13.2.0/../../../../powerpc-eabi/lib\libstdc++.a(eh_alloc.o)
                0x0200a74c                _ZN9__gnu_cxx24__concurrence_lock_errorD0Ev
 .text._ZN9__gnu_cxx26__concurrence_unlock_errorD2Ev
                0x0200a78c       0x10 C:/devkitPro/devkitPPC/bin/../lib/gcc/powerpc-eabi/13.2.0/../../../../powerpc-eabi/lib\libstdc++.a(eh_alloc.o)
                0x0200a78c                _ZN9__gnu_cxx26__concurrence_unlock_errorD2Ev
                0x0200a78c                _ZN9__gnu_cxx26__concurrence_unlock_errorD1Ev
 .text._ZN9__gnu_cxx26__concurrence_unlock_errorD0Ev
                0x0200a79c       0x40 C:/devkitPro/devkitPPC/bin/../lib/gcc/powerpc-eabi/13.2.0/../../../../powerpc-eabi/lib\libstdc++.a(eh_alloc.o)
                0x0200a79c                _ZN9__gnu_cxx26__concurrence_unlock_errorD0Ev
 .text._ZN12_GLOBAL__N_14pool4freeEPv.constprop.0
                0x0200a7dc      0x144 C:/devkitPro/devkitPPC/bin/../lib/gcc/powerpc-eabi/13.2.0/../../../../powerpc-eabi/lib\libstdc++.a(eh_alloc.o)
 .text._ZN12_GLOBAL__N_14pool8allocateEj.constprop.0
                0x0200a920       0xfc C:/devkitPro/devkitPPC/bin/../lib/gcc/powerpc-eabi/13.2.0/../../../../powerpc-eabi/lib\libstdc++.a(eh_alloc.o)
 .text.__cxa_allocate_exception
                0x0200aa1c       0x64 C:/devkitPro/devkitPPC/bin/../lib/gcc/powerpc-eabi/13.2.0/../../../../powerpc-eabi/lib\libstdc++.a(eh_alloc.o)
                0x0200aa1c                __cxa_allocate_exception
 .text.__cxa_free_exception
                0x0200aa80       0x30 C:/devkitPro/devkitPPC/bin/../lib/gcc/powerpc-eabi/13.2.0/../../../../powerpc-eabi/lib\libstdc++.a(eh_alloc.o)
                0x0200aa80                __cxa_free_exception
 .text.__cxa_call_terminate
                0x0200aab0       0x58 C:/devkitPro/devkitPPC/bin/../lib/gcc/powerpc-eabi/13.2.0/../../../../powerpc-eabi/lib\libstdc++.a(eh_call.o)
                0x0200aab0                __cxa_call_terminate
 .text.__cxa_begin_catch
                0x0200ab08       0xc4 C:/devkitPro/devkitPPC/bin/../lib/gcc/powerpc-eabi/13.2.0/../../../../powerpc-eabi/lib\libstdc++.a(eh_catch.o)
                0x0200ab08                __cxa_begin_catch
 .text.__cxa_end_catch
                0x0200abcc       0xc0 C:/devkitPro/devkitPPC/bin/../lib/gcc/powerpc-eabi/13.2.0/../../../../powerpc-eabi/lib\libstdc++.a(eh_catch.o)
                0x0200abcc                __cxa_end_catch
 .text._ZNSt9exceptionD2Ev
                0x0200ac8c        0x4 C:/devkitPro/devkitPPC/bin/../lib/gcc/powerpc-eabi/13.2.0/../../../../powerpc-eabi/lib\libstdc++.a(eh_exception.o)
                0x0200ac8c                _ZNSt9exceptionD1Ev
                0x0200ac8c                _ZNSt9exceptionD2Ev
 .text._ZNSt13bad_exceptionD2Ev
                0x0200ac90        0x4 C:/devkitPro/devkitPPC/bin/../lib/gcc/powerpc-eabi/13.2.0/../../../../powerpc-eabi/lib\libstdc++.a(eh_exception.o)
                0x0200ac90                _ZNSt13bad_exceptionD1Ev
                0x0200ac90                _ZNSt13bad_exceptionD2Ev
 .text._ZNKSt13bad_exception4whatEv
                0x0200ac94        0xc C:/devkitPro/devkitPPC/bin/../lib/gcc/powerpc-eabi/13.2.0/../../../../powerpc-eabi/lib\libstdc++.a(eh_exception.o)
                0x0200ac94                _ZNKSt13bad_exception4whatEv
                0x0200ac94                _ZGTtNKSt13bad_exception4whatEv
 .text._ZNSt13bad_exceptionD0Ev
                0x0200aca0        0x8 C:/devkitPro/devkitPPC/bin/../lib/gcc/powerpc-eabi/13.2.0/../../../../powerpc-eabi/lib\libstdc++.a(eh_exception.o)
                0x0200aca0                _ZNSt13bad_exceptionD0Ev
 .text._ZL15eh_globals_dtorPv
                0x0200aca8       0x68 C:/devkitPro/devkitPPC/bin/../lib/gcc/powerpc-eabi/13.2.0/../../../../powerpc-eabi/lib\libstdc++.a(eh_globals.o)
 .text.__cxa_get_globals_fast
                0x0200ad10       0x4c C:/devkitPro/devkitPPC/bin/../lib/gcc/powerpc-eabi/13.2.0/../../../../powerpc-eabi/lib\libstdc++.a(eh_globals.o)
                0x0200ad10                __cxa_get_globals_fast
 .text.__cxa_get_globals
                0x0200ad5c       0xbc C:/devkitPro/devkitPPC/bin/../lib/gcc/powerpc-eabi/13.2.0/../../../../powerpc-eabi/lib\libstdc++.a(eh_globals.o)
                0x0200ad5c                __cxa_get_globals
 .text._ZSt15get_new_handlerv
                0x0200ae18       0x18 C:/devkitPro/devkitPPC/bin/../lib/gcc/powerpc-eabi/13.2.0/../../../../powerpc-eabi/lib\libstdc++.a(new_handler.o)
                0x0200ae18                _ZSt15get_new_handlerv
 .text._ZN10__cxxabiv120__si_class_type_infoD2Ev
                0x0200ae30       0x10 C:/devkitPro/devkitPPC/bin/../lib/gcc/powerpc-eabi/13.2.0/../../../../powerpc-eabi/lib\libstdc++.a(si_class_type_info.o)
                0x0200ae30                _ZN10__cxxabiv120__si_class_type_infoD1Ev
                0x0200ae30                _ZN10__cxxabiv120__si_class_type_infoD2Ev
 .text._ZN10__cxxabiv120__si_class_type_infoD0Ev
                0x0200ae40       0x40 C:/devkitPro/devkitPPC/bin/../lib/gcc/powerpc-eabi/13.2.0/../../../../powerpc-eabi/lib\libstdc++.a(si_class_type_info.o)
                0x0200ae40                _ZN10__cxxabiv120__si_class_type_infoD0Ev
 .text._ZNK10__cxxabiv120__si_class_type_info12__do_dyncastEiNS_17__class_type_info10__sub_kindEPKS1_PKvS4_S6_RNS1_16__dyncast_resultE
                0x0200ae80      0x1d4 C:/devkitPro/devkitPPC/bin/../lib/gcc/powerpc-eabi/13.2.0/../../../../powerpc-eabi/lib\libstdc++.a(si_class_type_info.o)
                0x0200ae80                _ZNK10__cxxabiv120__si_class_type_info12__do_dyncastEiNS_17__class_type_info10__sub_kindEPKS1_PKvS4_S6_RNS1_16__dyncast_resultE
 .text._ZNK10__cxxabiv120__si_class_type_info20__do_find_public_srcEiPKvPKNS_17__class_type_infoES2_
                0x0200b054       0xb4 C:/devkitPro/devkitPPC/bin/../lib/gcc/powerpc-eabi/13.2.0/../../../../powerpc-eabi/lib\libstdc++.a(si_class_type_info.o)
                0x0200b054                _ZNK10__cxxabiv120__si_class_type_info20__do_find_public_srcEiPKvPKNS_17__class_type_infoES2_
 .text._ZNK10__cxxabiv120__si_class_type_info11__do_upcastEPKNS_17__class_type_infoEPKvRNS1_15__upcast_resultE
                0x0200b108       0x94 C:/devkitPro/devkitPPC/bin/../lib/gcc/powerpc-eabi/13.2.0/../../../../powerpc-eabi/lib\libstdc++.a(si_class_type_info.o)
                0x0200b108                _ZNK10__cxxabiv120__si_class_type_info11__do_upcastEPKNS_17__class_type_infoEPKvRNS1_15__upcast_resultE
 .text._ZNSt9type_infoD2Ev
                0x0200b19c        0x4 C:/devkitPro/devkitPPC/bin/../lib/gcc/powerpc-eabi/13.2.0/../../../../powerpc-eabi/lib\libstdc++.a(tinfo.o)
                0x0200b19c                _ZNSt9type_infoD2Ev
                0x0200b19c                _ZNSt9type_infoD1Ev
 .text._ZNKSt9type_info14__is_pointer_pEv
                0x0200b1a0        0x8 C:/devkitPro/devkitPPC/bin/../lib/gcc/powerpc-eabi/13.2.0/../../../../powerpc-eabi/lib\libstdc++.a(tinfo.o)
                0x0200b1a0                _ZNKSt9type_info14__is_pointer_pEv
                0x0200b1a0                _ZNKSt9type_info15__is_function_pEv
 .text._ZNKSt11logic_error4whatEv
                0x0200b1a8        0x8 C:/devkitPro/devkitPPC/bin/../lib/gcc/powerpc-eabi/13.2.0/../../../../powerpc-eabi/lib\libstdc++.a(stdexcept.o)
                0x0200b1a8                _ZNKSt11logic_error4whatEv
                0x0200b1a8                _ZNKSt13runtime_error4whatEv
 .text._ZNSt13runtime_errorD2Ev
                0x0200b1b0       0xcc C:/devkitPro/devkitPPC/bin/../lib/gcc/powerpc-eabi/13.2.0/../../../../powerpc-eabi/lib\libstdc++.a(stdexcept.o)
                0x0200b1b0                _ZNSt13runtime_errorD1Ev
                0x0200b1b0                _ZNSt13runtime_errorD2Ev
 .text._ZNSt12length_errorD2Ev
                0x0200b27c       0xcc C:/devkitPro/devkitPPC/bin/../lib/gcc/powerpc-eabi/13.2.0/../../../../powerpc-eabi/lib\libstdc++.a(stdexcept.o)
                0x0200b27c                _ZNSt12length_errorD1Ev
                0x0200b27c                _ZNSt12length_errorD2Ev
 .text._ZNSt11logic_errorD2Ev
                0x0200b348       0xcc C:/devkitPro/devkitPPC/bin/../lib/gcc/powerpc-eabi/13.2.0/../../../../powerpc-eabi/lib\libstdc++.a(stdexcept.o)
                0x0200b348                _ZNSt11logic_errorD1Ev
                0x0200b348                _ZNSt11logic_errorD2Ev
 .text._ZNSt11logic_errorD0Ev
                0x0200b414       0xc8 C:/devkitPro/devkitPPC/bin/../lib/gcc/powerpc-eabi/13.2.0/../../../../powerpc-eabi/lib\libstdc++.a(stdexcept.o)
                0x0200b414                _ZNSt11logic_errorD0Ev
 .text._ZNSt13runtime_errorD0Ev
                0x0200b4dc       0xc8 C:/devkitPro/devkitPPC/bin/../lib/gcc/powerpc-eabi/13.2.0/../../../../powerpc-eabi/lib\libstdc++.a(stdexcept.o)
                0x0200b4dc                _ZNSt13runtime_errorD0Ev
 .text._ZNSt12length_errorD0Ev
                0x0200b5a4       0xc8 C:/devkitPro/devkitPPC/bin/../lib/gcc/powerpc-eabi/13.2.0/../../../../powerpc-eabi/lib\libstdc++.a(stdexcept.o)
                0x0200b5a4                _ZNSt12length_errorD0Ev
 .text._ZNSt11logic_errorC2EPKc
                0x0200b66c      0x118 C:/devkitPro/devkitPPC/bin/../lib/gcc/powerpc-eabi/13.2.0/../../../../powerpc-eabi/lib\libstdc++.a(cow-stdexcept.o)
                0x0200b66c                _ZNSt11logic_errorC1EPKc
                0x0200b66c                _ZNSt11logic_errorC2EPKc
 .text._ZNSt12length_errorC2EPKc
                0x0200b784       0x38 C:/devkitPro/devkitPPC/bin/../lib/gcc/powerpc-eabi/13.2.0/../../../../powerpc-eabi/lib\libstdc++.a(cow-stdexcept.o)
                0x0200b784                _ZNSt12length_errorC1EPKc
                0x0200b784                _ZNSt12length_errorC2EPKc
 .text._ZNSt12__cow_stringC2EPKcj
                0x0200b7bc       0xf8 C:/devkitPro/devkitPPC/bin/../lib/gcc/powerpc-eabi/13.2.0/../../../../powerpc-eabi/lib\libstdc++.a(cow-stdexcept.o)
                0x0200b7bc                _ZNSt12__cow_stringC2EPKcj
                0x0200b7bc                _ZNSt12__cow_stringC1EPKcj
 .text._ZNSs4_Rep9_S_createEjjRKSaIcE
                0x0200b8b4       0xac C:/devkitPro/devkitPPC/bin/../lib/gcc/powerpc-eabi/13.2.0/../../../../powerpc-eabi/lib\libstdc++.a(cow-string-inst.o)
                0x0200b8b4                _ZNSs4_Rep9_S_createEjjRKSaIcE
 .text._ZNSs4_Rep10_M_destroyERKSaIcE
                0x0200b960        0x4 C:/devkitPro/devkitPPC/bin/../lib/gcc/powerpc-eabi/13.2.0/../../../../powerpc-eabi/lib\libstdc++.a(cow-string-inst.o)
                0x0200b960                _ZNSs4_Rep10_M_destroyERKSaIcE
 .text._ZNSt13runtime_errorC2ERKNSt7__cxx1112basic_stringIcSt11char_traitsIcESaIcEEE
                0x0200b964       0x5c C:/devkitPro/devkitPPC/bin/../lib/gcc/powerpc-eabi/13.2.0/../../../../powerpc-eabi/lib\libstdc++.a(cxx11-stdexcept.o)
                0x0200b964                _ZNSt13runtime_errorC1ERKNSt7__cxx1112basic_stringIcSt11char_traitsIcESaIcEEE
                0x0200b964                _ZNSt13runtime_errorC2ERKNSt7__cxx1112basic_stringIcSt11char_traitsIcESaIcEEE
 .text.__divdi3
                0x0200b9c0      0x3ec C:/devkitPro/devkitPPC/bin/../lib/gcc/powerpc-eabi/13.2.0\libgcc.a(_divdi3.o)
                0x0200b9c0                __divdi3
 .text.__udivdi3
                0x0200bdac      0x3bc C:/devkitPro/devkitPPC/bin/../lib/gcc/powerpc-eabi/13.2.0\libgcc.a(_udivdi3.o)
                0x0200bdac                __udivdi3
 .text.__gthread_active_p
                0x0200c168       0x1c C:/devkitPro/devkitPPC/bin/../lib/gcc/powerpc-eabi/13.2.0\libgcc.a(gthr-dkp.o)
                0x0200c168                __gthread_active_p
 .text.__gthread_once
                0x0200c184       0x1c C:/devkitPro/devkitPPC/bin/../lib/gcc/powerpc-eabi/13.2.0\libgcc.a(gthr-dkp.o)
                0x0200c184                __gthread_once
 .text.__gthread_key_create
                0x0200c1a0       0x1c C:/devkitPro/devkitPPC/bin/../lib/gcc/powerpc-eabi/13.2.0\libgcc.a(gthr-dkp.o)
                0x0200c1a0                __gthread_key_create
 .text.__gthread_key_delete
                0x0200c1bc       0x44 C:/devkitPro/devkitPPC/bin/../lib/gcc/powerpc-eabi/13.2.0\libgcc.a(gthr-dkp.o)
                0x0200c1bc                __gthread_key_delete
 .text.__gthread_getspecific
                0x0200c200       0x44 C:/devkitPro/devkitPPC/bin/../lib/gcc/powerpc-eabi/13.2.0\libgcc.a(gthr-dkp.o)
                0x0200c200                __gthread_getspecific
 .text.__gthread_setspecific
                0x0200c244       0x44 C:/devkitPro/devkitPPC/bin/../lib/gcc/powerpc-eabi/13.2.0\libgcc.a(gthr-dkp.o)
                0x0200c244                __gthread_setspecific
 .text.__gthread_mutex_init_function
                0x0200c288       0x14 C:/devkitPro/devkitPPC/bin/../lib/gcc/powerpc-eabi/13.2.0\libgcc.a(gthr-dkp.o)
                0x0200c288                __gthread_mutex_init_function
 .text.__gthread_mutex_destroy
                0x0200c29c       0x1c C:/devkitPro/devkitPPC/bin/../lib/gcc/powerpc-eabi/13.2.0\libgcc.a(gthr-dkp.o)
                0x0200c29c                __gthread_mutex_destroy
 .text.__gthread_mutex_lock
                0x0200c2b8       0x1c C:/devkitPro/devkitPPC/bin/../lib/gcc/powerpc-eabi/13.2.0\libgcc.a(gthr-dkp.o)
                0x0200c2b8                __gthread_mutex_lock
 .text.__gthread_mutex_unlock
                0x0200c2d4       0x1c C:/devkitPro/devkitPPC/bin/../lib/gcc/powerpc-eabi/13.2.0\libgcc.a(gthr-dkp.o)
                0x0200c2d4                __gthread_mutex_unlock
 .text          0x0200c2f0       0x48 C:/devkitPro/devkitPPC/bin/../lib/gcc/powerpc-eabi/13.2.0\libgcc.a(eabi.o)
                0x0200c2f0                __eabi
 .text.init_dwarf_reg_size_table
                0x0200c338      0x1d0 C:/devkitPro/devkitPPC/bin/../lib/gcc/powerpc-eabi/13.2.0\libgcc.a(unwind-dw2.o)
 .text.uw_install_context_1
                0x0200c508      0x1d0 C:/devkitPro/devkitPPC/bin/../lib/gcc/powerpc-eabi/13.2.0\libgcc.a(unwind-dw2.o)
 .text.read_encoded_value
                0x0200c6d8      0x18c C:/devkitPro/devkitPPC/bin/../lib/gcc/powerpc-eabi/13.2.0\libgcc.a(unwind-dw2.o)
 .text.execute_stack_op
                0x0200c864      0x87c C:/devkitPro/devkitPPC/bin/../lib/gcc/powerpc-eabi/13.2.0\libgcc.a(unwind-dw2.o)
 .text.uw_update_context_1
                0x0200d0e0      0x394 C:/devkitPro/devkitPPC/bin/../lib/gcc/powerpc-eabi/13.2.0\libgcc.a(unwind-dw2.o)
 .text.execute_cfa_program_specialized
                0x0200d474      0x8ec C:/devkitPro/devkitPPC/bin/../lib/gcc/powerpc-eabi/13.2.0\libgcc.a(unwind-dw2.o)
 .text.execute_cfa_program_generic
                0x0200dd60      0x924 C:/devkitPro/devkitPPC/bin/../lib/gcc/powerpc-eabi/13.2.0\libgcc.a(unwind-dw2.o)
 .text.uw_frame_state_for
                0x0200e684      0x534 C:/devkitPro/devkitPPC/bin/../lib/gcc/powerpc-eabi/13.2.0\libgcc.a(unwind-dw2.o)
 .text.uw_init_context_1
                0x0200ebb8      0x2d0 C:/devkitPro/devkitPPC/bin/../lib/gcc/powerpc-eabi/13.2.0\libgcc.a(unwind-dw2.o)
 .text._Unwind_RaiseException_Phase2
                0x0200ee88      0x1c4 C:/devkitPro/devkitPPC/bin/../lib/gcc/powerpc-eabi/13.2.0\libgcc.a(unwind-dw2.o)
 .text._Unwind_ForcedUnwind_Phase2
                0x0200f04c      0x1f4 C:/devkitPro/devkitPPC/bin/../lib/gcc/powerpc-eabi/13.2.0\libgcc.a(unwind-dw2.o)
 .text._Unwind_SetGR
                0x0200f240       0x68 C:/devkitPro/devkitPPC/bin/../lib/gcc/powerpc-eabi/13.2.0\libgcc.a(unwind-dw2.o)
                0x0200f240                _Unwind_SetGR
 .text._Unwind_GetIPInfo
                0x0200f2a8       0x14 C:/devkitPro/devkitPPC/bin/../lib/gcc/powerpc-eabi/13.2.0\libgcc.a(unwind-dw2.o)
                0x0200f2a8                _Unwind_GetIPInfo
 .text._Unwind_SetIP
                0x0200f2bc        0x8 C:/devkitPro/devkitPPC/bin/../lib/gcc/powerpc-eabi/13.2.0\libgcc.a(unwind-dw2.o)
                0x0200f2bc                _Unwind_SetIP
 .text._Unwind_GetLanguageSpecificData
                0x0200f2c4        0x8 C:/devkitPro/devkitPPC/bin/../lib/gcc/powerpc-eabi/13.2.0\libgcc.a(unwind-dw2.o)
                0x0200f2c4                _Unwind_GetLanguageSpecificData
 .text._Unwind_GetRegionStart
                0x0200f2cc        0x8 C:/devkitPro/devkitPPC/bin/../lib/gcc/powerpc-eabi/13.2.0\libgcc.a(unwind-dw2.o)
                0x0200f2cc                _Unwind_GetRegionStart
 .text._Unwind_GetDataRelBase
                0x0200f2d4        0x8 C:/devkitPro/devkitPPC/bin/../lib/gcc/powerpc-eabi/13.2.0\libgcc.a(unwind-dw2.o)
                0x0200f2d4                _Unwind_GetDataRelBase
 .text._Unwind_GetTextRelBase
                0x0200f2dc        0x8 C:/devkitPro/devkitPPC/bin/../lib/gcc/powerpc-eabi/13.2.0\libgcc.a(unwind-dw2.o)
                0x0200f2dc                _Unwind_GetTextRelBase
 .text._Unwind_DebugHook
                0x0200f2e4        0x4 C:/devkitPro/devkitPPC/bin/../lib/gcc/powerpc-eabi/13.2.0\libgcc.a(unwind-dw2.o)
 .text._Unwind_RaiseException
                0x0200f2e8      0x2f4 C:/devkitPro/devkitPPC/bin/../lib/gcc/powerpc-eabi/13.2.0\libgcc.a(unwind-dw2.o)
                0x0200f2e8                _Unwind_RaiseException
 .text._Unwind_Resume
                0x0200f5dc      0x1dc C:/devkitPro/devkitPPC/bin/../lib/gcc/powerpc-eabi/13.2.0\libgcc.a(unwind-dw2.o)
                0x0200f5dc                _Unwind_Resume
 .text._Unwind_Resume_or_Rethrow
                0x0200f7b8      0x1e0 C:/devkitPro/devkitPPC/bin/../lib/gcc/powerpc-eabi/13.2.0\libgcc.a(unwind-dw2.o)
                0x0200f7b8                _Unwind_Resume_or_Rethrow
 .text._Unwind_DeleteException
                0x0200f998       0x1c C:/devkitPro/devkitPPC/bin/../lib/gcc/powerpc-eabi/13.2.0\libgcc.a(unwind-dw2.o)
                0x0200f998                _Unwind_DeleteException
 .text.fde_unencoded_compare
                0x0200f9b4       0x20 C:/devkitPro/devkitPPC/bin/../lib/gcc/powerpc-eabi/13.2.0\libgcc.a(unwind-dw2-fde.o)
 .text.fde_unencoded_extract
                0x0200f9d4       0x74 C:/devkitPro/devkitPPC/bin/../lib/gcc/powerpc-eabi/13.2.0\libgcc.a(unwind-dw2-fde.o)
 .text.frame_downheap
                0x0200fa48      0x140 C:/devkitPro/devkitPPC/bin/../lib/gcc/powerpc-eabi/13.2.0\libgcc.a(unwind-dw2-fde.o)
 .text.init_object_mutex
                0x0200fb88        0xc C:/devkitPro/devkitPPC/bin/../lib/gcc/powerpc-eabi/13.2.0\libgcc.a(unwind-dw2-fde.o)
 .text.read_encoded_value_with_base
                0x0200fb94      0x13c C:/devkitPro/devkitPPC/bin/../lib/gcc/powerpc-eabi/13.2.0\libgcc.a(unwind-dw2-fde.o)
 .text.fde_radixsort
                0x0200fcd0      0x294 C:/devkitPro/devkitPPC/bin/../lib/gcc/powerpc-eabi/13.2.0\libgcc.a(unwind-dw2-fde.o)
 .text.__deregister_frame_info_bases.part.0
                0x0200ff64      0x15c C:/devkitPro/devkitPPC/bin/../lib/gcc/powerpc-eabi/13.2.0\libgcc.a(unwind-dw2-fde.o)
 .text.get_cie_encoding
                0x020100c0      0x14c C:/devkitPro/devkitPPC/bin/../lib/gcc/powerpc-eabi/13.2.0\libgcc.a(unwind-dw2-fde.o)
 .text.fde_mixed_encoding_extract
                0x0201020c       0xfc C:/devkitPro/devkitPPC/bin/../lib/gcc/powerpc-eabi/13.2.0\libgcc.a(unwind-dw2-fde.o)
 .text.classify_object_over_fdes.constprop.0
                0x02010308      0x24c C:/devkitPro/devkitPPC/bin/../lib/gcc/powerpc-eabi/13.2.0\libgcc.a(unwind-dw2-fde.o)
 .text.fde_single_encoding_extract
                0x02010554      0x108 C:/devkitPro/devkitPPC/bin/../lib/gcc/powerpc-eabi/13.2.0\libgcc.a(unwind-dw2-fde.o)
 .text.fde_single_encoding_compare
                0x0201065c       0xd0 C:/devkitPro/devkitPPC/bin/../lib/gcc/powerpc-eabi/13.2.0\libgcc.a(unwind-dw2-fde.o)
 .text.fde_mixed_encoding_compare
                0x0201072c      0x15c C:/devkitPro/devkitPPC/bin/../lib/gcc/powerpc-eabi/13.2.0\libgcc.a(unwind-dw2-fde.o)
 .text.add_fdes.isra.0
                0x02010888      0x2bc C:/devkitPro/devkitPPC/bin/../lib/gcc/powerpc-eabi/13.2.0\libgcc.a(unwind-dw2-fde.o)
 .text.linear_search_fdes
                0x02010b44      0x310 C:/devkitPro/devkitPPC/bin/../lib/gcc/powerpc-eabi/13.2.0\libgcc.a(unwind-dw2-fde.o)
 .text.search_object
                0x02010e54      0x6b0 C:/devkitPro/devkitPPC/bin/../lib/gcc/powerpc-eabi/13.2.0\libgcc.a(unwind-dw2-fde.o)
 .text.__register_frame_info
                0x02011504       0x9c C:/devkitPro/devkitPPC/bin/../lib/gcc/powerpc-eabi/13.2.0\libgcc.a(unwind-dw2-fde.o)
                0x02011504                __register_frame_info
 .text.__deregister_frame_info
                0x020115a0       0x20 C:/devkitPro/devkitPPC/bin/../lib/gcc/powerpc-eabi/13.2.0\libgcc.a(unwind-dw2-fde.o)
                0x020115a0                __deregister_frame_info
 .text._Unwind_Find_FDE
                0x020115c0      0x260 C:/devkitPro/devkitPPC/bin/../lib/gcc/powerpc-eabi/13.2.0\libgcc.a(unwind-dw2-fde.o)
                0x020115c0                _Unwind_Find_FDE
 .text.chdir    0x02011820      0x1b4 C:/devkitPro/devkitPPC/bin/../lib/gcc/powerpc-eabi/13.2.0/../../../../powerpc-eabi/lib\libsysbase.a(libsysbase_libsysbase_a-chdir.o)
                0x02011820                chdir
 .text._concatenate_path
                0x020119d4      0x278 C:/devkitPro/devkitPPC/bin/../lib/gcc/powerpc-eabi/13.2.0/../../../../powerpc-eabi/lib\libsysbase.a(libsysbase_libsysbase_a-concatenate.o)
                0x020119d4                _concatenate_path
 .text.__getreent
                0x02011c4c       0x20 C:/devkitPro/devkitPPC/bin/../lib/gcc/powerpc-eabi/13.2.0/../../../../powerpc-eabi/lib\libsysbase.a(libsysbase_libsysbase_a-getreent.o)
                0x02011c4c                __getreent
 .text.null_write
                0x02011c6c        0x8 C:/devkitPro/devkitPPC/bin/../lib/gcc/powerpc-eabi/13.2.0/../../../../powerpc-eabi/lib\libsysbase.a(libsysbase_libsysbase_a-iosupport.o)
 .text.setDefaultDevice
                0x02011c74       0x18 C:/devkitPro/devkitPPC/bin/../lib/gcc/powerpc-eabi/13.2.0/../../../../powerpc-eabi/lib\libsysbase.a(libsysbase_libsysbase_a-iosupport.o)
                0x02011c74                setDefaultDevice
 .text.FindDevice
                0x02011c8c      0x14c C:/devkitPro/devkitPPC/bin/../lib/gcc/powerpc-eabi/13.2.0/../../../../powerpc-eabi/lib\libsysbase.a(libsysbase_libsysbase_a-iosupport.o)
                0x02011c8c                FindDevice
 .text.RemoveDevice
                0x02011dd8       0x44 C:/devkitPro/devkitPPC/bin/../lib/gcc/powerpc-eabi/13.2.0/../../../../powerpc-eabi/lib\libsysbase.a(libsysbase_libsysbase_a-iosupport.o)
                0x02011dd8                RemoveDevice
 .text.AddDevice
                0x02011e1c      0x118 C:/devkitPro/devkitPPC/bin/../lib/gcc/powerpc-eabi/13.2.0/../../../../powerpc-eabi/lib\libsysbase.a(libsysbase_libsysbase_a-iosupport.o)
                0x02011e1c                AddDevice
 .text._exit    0x02011f34       0x28 C:/devkitPro/devkitPPC/bin/../lib/gcc/powerpc-eabi/13.2.0/../../../../powerpc-eabi/lib\libsysbase.a(libsysbase_libsysbase_a-_exit.o)
                0x02011f34                _exit
 .text.write    0x02011f5c       0x50 C:/devkitPro/devkitPPC/bin/../lib/gcc/powerpc-eabi/13.2.0/../../../../powerpc-eabi/lib\libc.a(libc_a-syswrite.o)
                0x02011f5c                write
 .text.memalign
                0x02011fac       0x40 C:/devkitPro/devkitPPC/bin/../lib/gcc/powerpc-eabi/13.2.0/../../../../powerpc-eabi/lib\libc.a(libc_a-malign.o)
                0x02011fac                memalign
 .text._memalign_r
                0x02011fec      0x1bc C:/devkitPro/devkitPPC/bin/../lib/gcc/powerpc-eabi/13.2.0/../../../../powerpc-eabi/lib\libc.a(libc_a-malignr.o)
                0x02011fec                _memalign_r
 .text.sprintf  0x020121a8       0xcc C:/devkitPro/devkitPPC/bin/../lib/gcc/powerpc-eabi/13.2.0/../../../../powerpc-eabi/lib\libc.a(libc_a-sprintf.o)
                0x020121a8                sprintf
 .text.calloc   0x02012274       0x40 C:/devkitPro/devkitPPC/bin/../lib/gcc/powerpc-eabi/13.2.0/../../../../powerpc-eabi/lib\libc.a(libc_a-calloc.o)
                0x02012274                calloc
 .text._calloc_r
                0x020122b4      0x100 C:/devkitPro/devkitPPC/bin/../lib/gcc/powerpc-eabi/13.2.0/../../../../powerpc-eabi/lib\libc.a(libc_a-callocr.o)
                0x020122b4                _calloc_r
 .text.snprintf
                0x020123b4      0x180 C:/devkitPro/devkitPPC/bin/../lib/gcc/powerpc-eabi/13.2.0/../../../../powerpc-eabi/lib\libc.a(libc_a-snprintf.o)
                0x020123b4                snprintf
 .text.memchr   0x02012534      0x1b0 C:/devkitPro/devkitPPC/bin/../lib/gcc/powerpc-eabi/13.2.0/../../../../powerpc-eabi/lib\libc.a(libc_a-memchr.o)
                0x02012534                memchr
 .text._svfprintf_r
                0x020126e4     0x233c C:/devkitPro/devkitPPC/bin/../lib/gcc/powerpc-eabi/13.2.0/../../../../powerpc-eabi/lib\libc.a(libc_a-svfprintf.o)
                0x020126e4                _svfprintf_r
 .text._malloc_trim_r
                0x02014a20      0x138 C:/devkitPro/devkitPPC/bin/../lib/gcc/powerpc-eabi/13.2.0/../../../../powerpc-eabi/lib\libc.a(libc_a-freer.o)
                0x02014a20                _malloc_trim_r
 .text._free_r  0x02014b58      0x330 C:/devkitPro/devkitPPC/bin/../lib/gcc/powerpc-eabi/13.2.0/../../../../powerpc-eabi/lib\libc.a(libc_a-freer.o)
                0x02014b58                _free_r
 .text.strchr   0x02014e88      0x154 C:/devkitPro/devkitPPC/bin/../lib/gcc/powerpc-eabi/13.2.0/../../../../powerpc-eabi/lib\libc.a(libc_a-strchr.o)
                0x02014e88                strchr
 .text.memcmp   0x02014fdc      0x13c C:/devkitPro/devkitPPC/bin/../lib/gcc/powerpc-eabi/13.2.0/../../../../powerpc-eabi/lib\libc.a(libc_a-memcmp.o)
                0x02014fdc                memcmp
 .text.quorem   0x02015118      0x30c C:/devkitPro/devkitPPC/bin/../lib/gcc/powerpc-eabi/13.2.0/../../../../powerpc-eabi/lib\libc.a(libc_a-dtoa.o)
 .text._dtoa_r  0x02015424     0x1470 C:/devkitPro/devkitPPC/bin/../lib/gcc/powerpc-eabi/13.2.0/../../../../powerpc-eabi/lib\libc.a(libc_a-dtoa.o)
                0x02015424                _dtoa_r
 .text.strcmp   0x02016894       0x9c C:/devkitPro/devkitPPC/bin/../lib/gcc/powerpc-eabi/13.2.0/../../../../powerpc-eabi/lib\libc.a(libc_a-strcmp.o)
                0x02016894                strcmp
 .text.memcpy   0x02016930      0x124 C:/devkitPro/devkitPPC/bin/../lib/gcc/powerpc-eabi/13.2.0/../../../../powerpc-eabi/lib\libc.a(libc_a-memcpy.o)
                0x02016930                memcpy
 .text.malloc   0x02016a54       0x30 C:/devkitPro/devkitPPC/bin/../lib/gcc/powerpc-eabi/13.2.0/../../../../powerpc-eabi/lib\libc.a(libc_a-malloc.o)
                0x02016a54                malloc
 .text.free     0x02016a84       0x30 C:/devkitPro/devkitPPC/bin/../lib/gcc/powerpc-eabi/13.2.0/../../../../powerpc-eabi/lib\libc.a(libc_a-malloc.o)
                0x02016a84                free
 .text.memmove  0x02016ab4      0x1bc C:/devkitPro/devkitPPC/bin/../lib/gcc/powerpc-eabi/13.2.0/../../../../powerpc-eabi/lib\libc.a(libc_a-memmove.o)
                0x02016ab4                memmove
 .text._malloc_r
                0x02016c70      0x860 C:/devkitPro/devkitPPC/bin/../lib/gcc/powerpc-eabi/13.2.0/../../../../powerpc-eabi/lib\libc.a(libc_a-mallocr.o)
                0x02016c70                _malloc_r
 .text.getenv   0x020174d0       0x38 C:/devkitPro/devkitPPC/bin/../lib/gcc/powerpc-eabi/13.2.0/../../../../powerpc-eabi/lib\libc.a(libc_a-getenv.o)
                0x020174d0                getenv
 .text.strcpy   0x02017508       0x8c C:/devkitPro/devkitPPC/bin/../lib/gcc/powerpc-eabi/13.2.0/../../../../powerpc-eabi/lib\libc.a(libc_a-strcpy.o)
                0x02017508                strcpy
 .text.memset   0x02017594      0x198 C:/devkitPro/devkitPPC/bin/../lib/gcc/powerpc-eabi/13.2.0/../../../../powerpc-eabi/lib\libc.a(libc_a-memset.o)
                0x02017594                memset
 .text._findenv_r
                0x0201772c      0x144 C:/devkitPro/devkitPPC/bin/../lib/gcc/powerpc-eabi/13.2.0/../../../../powerpc-eabi/lib\libc.a(libc_a-getenv_r.o)
                0x0201772c                _findenv_r
 .text.strlen   0x02017870       0x80 C:/devkitPro/devkitPPC/bin/../lib/gcc/powerpc-eabi/13.2.0/../../../../powerpc-eabi/lib\libc.a(libc_a-strlen.o)
                0x02017870                strlen
 .text.strdup   0x020178f0       0x30 C:/devkitPro/devkitPPC/bin/../lib/gcc/powerpc-eabi/13.2.0/../../../../powerpc-eabi/lib\libc.a(libc_a-strdup.o)
                0x020178f0                strdup
 .text._Balloc  0x02017920       0xe0 C:/devkitPro/devkitPPC/bin/../lib/gcc/powerpc-eabi/13.2.0/../../../../powerpc-eabi/lib\libc.a(libc_a-mprec.o)
                0x02017920                _Balloc
 .text._Bfree   0x02017a00       0x24 C:/devkitPro/devkitPPC/bin/../lib/gcc/powerpc-eabi/13.2.0/../../../../powerpc-eabi/lib\libc.a(libc_a-mprec.o)
                0x02017a00                _Bfree
 .text.__multadd
                0x02017a24      0x154 C:/devkitPro/devkitPPC/bin/../lib/gcc/powerpc-eabi/13.2.0/../../../../powerpc-eabi/lib\libc.a(libc_a-mprec.o)
                0x02017a24                __multadd
 .text.__hi0bits
                0x02017b78       0x7c C:/devkitPro/devkitPPC/bin/../lib/gcc/powerpc-eabi/13.2.0/../../../../powerpc-eabi/lib\libc.a(libc_a-mprec.o)
                0x02017b78                __hi0bits
 .text.__lo0bits
                0x02017bf4       0xb4 C:/devkitPro/devkitPPC/bin/../lib/gcc/powerpc-eabi/13.2.0/../../../../powerpc-eabi/lib\libc.a(libc_a-mprec.o)
                0x02017bf4                __lo0bits
 .text.__i2b    0x02017ca8      0x108 C:/devkitPro/devkitPPC/bin/../lib/gcc/powerpc-eabi/13.2.0/../../../../powerpc-eabi/lib\libc.a(libc_a-mprec.o)
                0x02017ca8                __i2b
 .text.__multiply
                0x02017db0      0x310 C:/devkitPro/devkitPPC/bin/../lib/gcc/powerpc-eabi/13.2.0/../../../../powerpc-eabi/lib\libc.a(libc_a-mprec.o)
                0x02017db0                __multiply
 .text.__pow5mult
                0x020180c0      0x17c C:/devkitPro/devkitPPC/bin/../lib/gcc/powerpc-eabi/13.2.0/../../../../powerpc-eabi/lib\libc.a(libc_a-mprec.o)
                0x020180c0                __pow5mult
 .text.__lshift
                0x0201823c      0x26c C:/devkitPro/devkitPPC/bin/../lib/gcc/powerpc-eabi/13.2.0/../../../../powerpc-eabi/lib\libc.a(libc_a-mprec.o)
                0x0201823c                __lshift
 .text.__mcmp   0x020184a8       0xdc C:/devkitPro/devkitPPC/bin/../lib/gcc/powerpc-eabi/13.2.0/../../../../powerpc-eabi/lib\libc.a(libc_a-mprec.o)
                0x020184a8                __mcmp
 .text.__mdiff  0x02018584      0x318 C:/devkitPro/devkitPPC/bin/../lib/gcc/powerpc-eabi/13.2.0/../../../../powerpc-eabi/lib\libc.a(libc_a-mprec.o)
                0x02018584                __mdiff
 .text.__d2b    0x0201889c      0x1a0 C:/devkitPro/devkitPPC/bin/../lib/gcc/powerpc-eabi/13.2.0/../../../../powerpc-eabi/lib\libc.a(libc_a-mprec.o)
                0x0201889c                __d2b
 .text.strrchr  0x02018a3c       0x78 C:/devkitPro/devkitPPC/bin/../lib/gcc/powerpc-eabi/13.2.0/../../../../powerpc-eabi/lib\libc.a(libc_a-strrchr.o)
                0x02018a3c                strrchr
 .text._strdup_r
                0x02018ab4       0x6c C:/devkitPro/devkitPPC/bin/../lib/gcc/powerpc-eabi/13.2.0/../../../../powerpc-eabi/lib\libc.a(libc_a-strdup_r.o)
                0x02018ab4                _strdup_r
 .text._strerror_r
                0x02018b20      0x438 C:/devkitPro/devkitPPC/bin/../lib/gcc/powerpc-eabi/13.2.0/../../../../powerpc-eabi/lib\libc.a(libc_a-strerror.o)
                0x02018b20                _strerror_r
 .text.strerror
                0x02018f58       0x38 C:/devkitPro/devkitPPC/bin/../lib/gcc/powerpc-eabi/13.2.0/../../../../powerpc-eabi/lib\libc.a(libc_a-strerror.o)
                0x02018f58                strerror
 .text.strncmp  0x02018f90       0xdc C:/devkitPro/devkitPPC/bin/../lib/gcc/powerpc-eabi/13.2.0/../../../../powerpc-eabi/lib\libc.a(libc_a-strncmp.o)
                0x02018f90                strncmp
 .text.strncpy  0x0201906c      0x108 C:/devkitPro/devkitPPC/bin/../lib/gcc/powerpc-eabi/13.2.0/../../../../powerpc-eabi/lib\libc.a(libc_a-strncpy.o)
                0x0201906c                strncpy
 .text.stdio_exit_handler
                0x02019174       0x1c C:/devkitPro/devkitPPC/bin/../lib/gcc/powerpc-eabi/13.2.0/../../../../powerpc-eabi/lib\libc.a(libc_a-findfp.o)
 .text.cleanup_stdio
                0x02019190       0x88 C:/devkitPro/devkitPPC/bin/../lib/gcc/powerpc-eabi/13.2.0/../../../../powerpc-eabi/lib\libc.a(libc_a-findfp.o)
 .text.global_stdio_init.part.0
                0x02019218      0x184 C:/devkitPro/devkitPPC/bin/../lib/gcc/powerpc-eabi/13.2.0/../../../../powerpc-eabi/lib\libc.a(libc_a-findfp.o)
 .text.__sinit  0x0201939c       0xa4 C:/devkitPro/devkitPPC/bin/../lib/gcc/powerpc-eabi/13.2.0/../../../../powerpc-eabi/lib\libc.a(libc_a-findfp.o)
                0x0201939c                __sinit
 .text.__sfp_lock_acquire
                0x02019440       0x40 C:/devkitPro/devkitPPC/bin/../lib/gcc/powerpc-eabi/13.2.0/../../../../powerpc-eabi/lib\libc.a(libc_a-findfp.o)
                0x02019440                __sfp_lock_acquire
 .text.__sfp_lock_release
                0x02019480        0xc C:/devkitPro/devkitPPC/bin/../lib/gcc/powerpc-eabi/13.2.0/../../../../powerpc-eabi/lib\libc.a(libc_a-findfp.o)
                0x02019480                __sfp_lock_release
 .text.strnlen  0x0201948c       0xc8 C:/devkitPro/devkitPPC/bin/../lib/gcc/powerpc-eabi/13.2.0/../../../../powerpc-eabi/lib\libc.a(libc_a-strnlen.o)
                0x0201948c                strnlen
 .text._user_strerror
                0x02019554        0x8 C:/devkitPro/devkitPPC/bin/../lib/gcc/powerpc-eabi/13.2.0/../../../../powerpc-eabi/lib\libc.a(libc_a-u_strerr.o)
                0x02019554                _user_strerror
 .text._strtoul_l.isra.0
                0x0201955c      0x210 C:/devkitPro/devkitPPC/bin/../lib/gcc/powerpc-eabi/13.2.0/../../../../powerpc-eabi/lib\libc.a(libc_a-strtoul.o)
 .text.strtoul  0x0201976c       0x64 C:/devkitPro/devkitPPC/bin/../lib/gcc/powerpc-eabi/13.2.0/../../../../powerpc-eabi/lib\libc.a(libc_a-strtoul.o)
                0x0201976c                strtoul
 .text.__locale_mb_cur_max
                0x020197d0       0x4c C:/devkitPro/devkitPPC/bin/../lib/gcc/powerpc-eabi/13.2.0/../../../../powerpc-eabi/lib\libc.a(libc_a-locale.o)
                0x020197d0                __locale_mb_cur_max
 .text._localeconv_r
                0x0201981c       0x4c C:/devkitPro/devkitPPC/bin/../lib/gcc/powerpc-eabi/13.2.0/../../../../powerpc-eabi/lib\libc.a(libc_a-localeconv.o)
                0x0201981c                _localeconv_r
 .text.__utf8_wctomb
                0x02019868      0x108 C:/devkitPro/devkitPPC/bin/../lib/gcc/powerpc-eabi/13.2.0/../../../../powerpc-eabi/lib\libc.a(libc_a-wctomb_r.o)
                0x02019868                __utf8_wctomb
 .text._reclaim_reent
                0x02019970       0xe4 C:/devkitPro/devkitPPC/bin/../lib/gcc/powerpc-eabi/13.2.0/../../../../powerpc-eabi/lib\libc.a(libc_a-reent.o)
                0x02019970                _reclaim_reent
 .text.stpcpy   0x02019a54       0x80 C:/devkitPro/devkitPPC/bin/../lib/gcc/powerpc-eabi/13.2.0/../../../../powerpc-eabi/lib\libc.a(libc_a-stpcpy.o)
                0x02019a54                stpcpy
 .text.__errno  0x02019ad4       0x20 C:/devkitPro/devkitPPC/bin/../lib/gcc/powerpc-eabi/13.2.0/../../../../powerpc-eabi/lib\libc.a(libc_a-errno.o)
                0x02019ad4                __errno
 .text.frexp    0x02019af4       0x90 C:/devkitPro/devkitPPC/bin/../lib/gcc/powerpc-eabi/13.2.0/../../../../powerpc-eabi/lib\libc.a(libm_a-s_frexp.o)
                0x02019af4                frexp
 .text._wcsrtombs_r
                0x02019b84       0x10 C:/devkitPro/devkitPPC/bin/../lib/gcc/powerpc-eabi/13.2.0/../../../../powerpc-eabi/lib\libc.a(libc_a-wcsrtombs.o)
                0x02019b84                _wcsrtombs_r
 .text.__call_exitprocs
                0x02019b94      0x200 C:/devkitPro/devkitPPC/bin/../lib/gcc/powerpc-eabi/13.2.0/../../../../powerpc-eabi/lib\libc.a(libc_a-__call_atexit.o)
                0x02019b94                __call_exitprocs
 .text.atexit   0x02019d94       0x14 C:/devkitPro/devkitPPC/bin/../lib/gcc/powerpc-eabi/13.2.0/../../../../powerpc-eabi/lib\libc.a(libc_a-atexit.o)
                0x02019d94                atexit
 .text._wcrtomb_r
                0x02019da8      0x110 C:/devkitPro/devkitPPC/bin/../lib/gcc/powerpc-eabi/13.2.0/../../../../powerpc-eabi/lib\libc.a(libc_a-wcrtomb.o)
                0x02019da8                _wcrtomb_r
 .text.__sread  0x02019eb8       0x74 C:/devkitPro/devkitPPC/bin/../lib/gcc/powerpc-eabi/13.2.0/../../../../powerpc-eabi/lib\libc.a(libc_a-stdio.o)
                0x02019eb8                __sread
 .text.__swrite
                0x02019f2c       0xb8 C:/devkitPro/devkitPPC/bin/../lib/gcc/powerpc-eabi/13.2.0/../../../../powerpc-eabi/lib\libc.a(libc_a-stdio.o)
                0x02019f2c                __swrite
 .text.__sseek  0x02019fe4       0x70 C:/devkitPro/devkitPPC/bin/../lib/gcc/powerpc-eabi/13.2.0/../../../../powerpc-eabi/lib\libc.a(libc_a-stdio.o)
                0x02019fe4                __sseek
 .text.__sclose
                0x0201a054        0x8 C:/devkitPro/devkitPPC/bin/../lib/gcc/powerpc-eabi/13.2.0/../../../../powerpc-eabi/lib\libc.a(libc_a-stdio.o)
                0x0201a054                __sclose
 .text.__env_lock
                0x0201a05c       0x40 C:/devkitPro/devkitPPC/bin/../lib/gcc/powerpc-eabi/13.2.0/../../../../powerpc-eabi/lib\libc.a(libc_a-envlock.o)
                0x0201a05c                __env_lock
 .text.__env_unlock
                0x0201a09c        0xc C:/devkitPro/devkitPPC/bin/../lib/gcc/powerpc-eabi/13.2.0/../../../../powerpc-eabi/lib\libc.a(libc_a-envlock.o)
                0x0201a09c                __env_unlock
 .text.__ssprint_r
                0x0201a0a8      0x1a0 C:/devkitPro/devkitPPC/bin/../lib/gcc/powerpc-eabi/13.2.0/../../../../powerpc-eabi/lib\libc.a(libc_a-svfiprintf.o)
                0x0201a0a8                __ssprint_r
 .text.__assert_func
                0x0201a248       0x78 C:/devkitPro/devkitPPC/bin/../lib/gcc/powerpc-eabi/13.2.0/../../../../powerpc-eabi/lib\libc.a(libc_a-assert.o)
                0x0201a248                __assert_func
 .text._fclose_r
                0x0201a2c0      0x1e0 C:/devkitPro/devkitPPC/bin/../lib/gcc/powerpc-eabi/13.2.0/../../../../powerpc-eabi/lib\libc.a(libc_a-fclose.o)
                0x0201a2c0                _fclose_r
 .text._fwalk_sglue
                0x0201a4a0       0xb4 C:/devkitPro/devkitPPC/bin/../lib/gcc/powerpc-eabi/13.2.0/../../../../powerpc-eabi/lib\libc.a(libc_a-fwalk.o)
                0x0201a4a0                _fwalk_sglue
 .text._realloc_r
                0x0201a554      0x584 C:/devkitPro/devkitPPC/bin/../lib/gcc/powerpc-eabi/13.2.0/../../../../powerpc-eabi/lib\libc.a(libc_a-reallocr.o)
                0x0201a554                _realloc_r
 .text.__utf8_mbtowc
                0x0201aad8      0x300 C:/devkitPro/devkitPPC/bin/../lib/gcc/powerpc-eabi/13.2.0/../../../../powerpc-eabi/lib\libc.a(libc_a-mbtowc_r.o)
                0x0201aad8                __utf8_mbtowc
 .text._wcsnrtombs_l
                0x0201add8      0x214 C:/devkitPro/devkitPPC/bin/../lib/gcc/powerpc-eabi/13.2.0/../../../../powerpc-eabi/lib\libc.a(libc_a-wcsnrtombs.o)
                0x0201add8                _wcsnrtombs_l
 .text._wcsnrtombs_r
                0x0201afec       0xd8 C:/devkitPro/devkitPPC/bin/../lib/gcc/powerpc-eabi/13.2.0/../../../../powerpc-eabi/lib\libc.a(libc_a-wcsnrtombs.o)
                0x0201afec                _wcsnrtombs_r
 .text.__register_exitproc
                0x0201b0c4      0x12c C:/devkitPro/devkitPPC/bin/../lib/gcc/powerpc-eabi/13.2.0/../../../../powerpc-eabi/lib\libc.a(libc_a-__atexit.o)
                0x0201b0c4                __register_exitproc
 .text.fiprintf
                0x0201b1f0       0xa4 C:/devkitPro/devkitPPC/bin/../lib/gcc/powerpc-eabi/13.2.0/../../../../powerpc-eabi/lib\libc.a(libc_a-fiprintf.o)
                0x0201b1f0                fiprintf
 .text.__sflush_r
                0x0201b294      0x2f4 C:/devkitPro/devkitPPC/bin/../lib/gcc/powerpc-eabi/13.2.0/../../../../powerpc-eabi/lib\libc.a(libc_a-fflush.o)
                0x0201b294                __sflush_r
 .text._fflush_r
                0x0201b588      0x108 C:/devkitPro/devkitPPC/bin/../lib/gcc/powerpc-eabi/13.2.0/../../../../powerpc-eabi/lib\libc.a(libc_a-fflush.o)
                0x0201b588                _fflush_r
 .text.__sprint_r
                0x0201b690       0xcc C:/devkitPro/devkitPPC/bin/../lib/gcc/powerpc-eabi/13.2.0/../../../../powerpc-eabi/lib\libc.a(libc_a-vfiprintf.o)
                0x0201b690                __sprint_r
 .text._vfiprintf_r
                0x0201b75c     0x13f8 C:/devkitPro/devkitPPC/bin/../lib/gcc/powerpc-eabi/13.2.0/../../../../powerpc-eabi/lib\libc.a(libc_a-vfiprintf.o)
                0x0201b75c                _vfiprintf_r
 .text.__sbprintf
                0x0201cb54      0x100 C:/devkitPro/devkitPPC/bin/../lib/gcc/powerpc-eabi/13.2.0/../../../../powerpc-eabi/lib\libc.a(libc_a-vfiprintf.o)
 .text.__sfvwrite_r
                0x0201cc54      0x5b0 C:/devkitPro/devkitPPC/bin/../lib/gcc/powerpc-eabi/13.2.0/../../../../powerpc-eabi/lib\libc.a(libc_a-fvwrite.o)
                0x0201cc54                __sfvwrite_r
 .text.__fputwc
                0x0201d204      0x170 C:/devkitPro/devkitPPC/bin/../lib/gcc/powerpc-eabi/13.2.0/../../../../powerpc-eabi/lib\libc.a(libc_a-fputwc.o)
                0x0201d204                __fputwc
 .text._fputwc_r
                0x0201d374       0xd0 C:/devkitPro/devkitPPC/bin/../lib/gcc/powerpc-eabi/13.2.0/../../../../powerpc-eabi/lib\libc.a(libc_a-fputwc.o)
                0x0201d374                _fputwc_r
 .text.__swsetup_r
                0x0201d444      0x16c C:/devkitPro/devkitPPC/bin/../lib/gcc/powerpc-eabi/13.2.0/../../../../powerpc-eabi/lib\libc.a(libc_a-wsetup.o)
                0x0201d444                __swsetup_r
 .text.__swbuf_r
                0x0201d5b0      0x18c C:/devkitPro/devkitPPC/bin/../lib/gcc/powerpc-eabi/13.2.0/../../../../powerpc-eabi/lib\libc.a(libc_a-wbuf.o)
                0x0201d5b0                __swbuf_r
 .text.__smakebuf_r
                0x0201d73c      0x188 C:/devkitPro/devkitPPC/bin/../lib/gcc/powerpc-eabi/13.2.0/../../../../powerpc-eabi/lib\libc.a(libc_a-makebuf.o)
                0x0201d73c                __smakebuf_r
 .text.__flockfile
                0x0201d8c4       0x38 C:/devkitPro/devkitPPC/bin/../lib/gcc/powerpc-eabi/13.2.0/../../../../powerpc-eabi/lib\libsysbase.a(libsysbase_libsysbase_a-flock.o)
                0x0201d8c4                __flockfile
 .text.__funlockfile
                0x0201d8fc        0x8 C:/devkitPro/devkitPPC/bin/../lib/gcc/powerpc-eabi/13.2.0/../../../../powerpc-eabi/lib\libsysbase.a(libsysbase_libsysbase_a-flock.o)
                0x0201d8fc                __funlockfile
 .text._fstat_r
                0x0201d904       0xb0 C:/devkitPro/devkitPPC/bin/../lib/gcc/powerpc-eabi/13.2.0/../../../../powerpc-eabi/lib\libsysbase.a(libsysbase_libsysbase_a-fstat.o)
                0x0201d904                _fstat_r
 .text.__get_handle
                0x0201d9b4       0x90 C:/devkitPro/devkitPPC/bin/../lib/gcc/powerpc-eabi/13.2.0/../../../../powerpc-eabi/lib\libsysbase.a(libsysbase_libsysbase_a-handle_manager.o)
                0x0201d9b4                __get_handle
 .text._close_r
                0x0201da44      0x178 C:/devkitPro/devkitPPC/bin/../lib/gcc/powerpc-eabi/13.2.0/../../../../powerpc-eabi/lib\libsysbase.a(libsysbase_libsysbase_a-handle_manager.o)
                0x0201da44                _close_r
 .text._isatty_r
                0x0201dbbc        0x8 C:/devkitPro/devkitPPC/bin/../lib/gcc/powerpc-eabi/13.2.0/../../../../powerpc-eabi/lib\libsysbase.a(libsysbase_libsysbase_a-isatty.o)
                0x0201dbbc                _isatty_r
 .text._lseek_r
                0x0201dbc4       0xe0 C:/devkitPro/devkitPPC/bin/../lib/gcc/powerpc-eabi/13.2.0/../../../../powerpc-eabi/lib\libsysbase.a(libsysbase_libsysbase_a-lseek.o)
                0x0201dbc4                _lseek_r
 .text._read_r  0x0201dca4       0xc4 C:/devkitPro/devkitPPC/bin/../lib/gcc/powerpc-eabi/13.2.0/../../../../powerpc-eabi/lib\libsysbase.a(libsysbase_libsysbase_a-read.o)
                0x0201dca4                _read_r
 .text.__libc_lock_init
                0x0201dd68       0x14 C:/devkitPro/devkitPPC/bin/../lib/gcc/powerpc-eabi/13.2.0/../../../../powerpc-eabi/lib\libsysbase.a(libsysbase_libsysbase_a-syscall_support.o)
                0x0201dd68                __libc_lock_init
 .text.__libc_lock_acquire
                0x0201dd7c       0x14 C:/devkitPro/devkitPPC/bin/../lib/gcc/powerpc-eabi/13.2.0/../../../../powerpc-eabi/lib\libsysbase.a(libsysbase_libsysbase_a-syscall_support.o)
                0x0201dd7c                __libc_lock_acquire
 .text.__libc_lock_release
                0x0201dd90       0x14 C:/devkitPro/devkitPPC/bin/../lib/gcc/powerpc-eabi/13.2.0/../../../../powerpc-eabi/lib\libsysbase.a(libsysbase_libsysbase_a-syscall_support.o)
                0x0201dd90                __libc_lock_release
 .text.__libc_lock_close
                0x0201dda4       0x14 C:/devkitPro/devkitPPC/bin/../lib/gcc/powerpc-eabi/13.2.0/../../../../powerpc-eabi/lib\libsysbase.a(libsysbase_libsysbase_a-syscall_support.o)
                0x0201dda4                __libc_lock_close
 .text.__libc_lock_init_recursive
                0x0201ddb8       0x14 C:/devkitPro/devkitPPC/bin/../lib/gcc/powerpc-eabi/13.2.0/../../../../powerpc-eabi/lib\libsysbase.a(libsysbase_libsysbase_a-syscall_support.o)
                0x0201ddb8                __libc_lock_init_recursive
 .text.__malloc_lock
                0x0201ddcc       0x14 C:/devkitPro/devkitPPC/bin/../lib/gcc/powerpc-eabi/13.2.0/../../../../powerpc-eabi/lib\libsysbase.a(libsysbase_libsysbase_a-syscall_support.o)
                0x0201ddcc                __malloc_lock
 .text.__malloc_unlock
                0x0201dde0       0x14 C:/devkitPro/devkitPPC/bin/../lib/gcc/powerpc-eabi/13.2.0/../../../../powerpc-eabi/lib\libsysbase.a(libsysbase_libsysbase_a-syscall_support.o)
                0x0201dde0                __malloc_unlock
 .text._write_r
                0x0201ddf4       0xc4 C:/devkitPro/devkitPPC/bin/../lib/gcc/powerpc-eabi/13.2.0/../../../../powerpc-eabi/lib\libsysbase.a(libsysbase_libsysbase_a-write.o)
                0x0201ddf4                _write_r
 .text.__umoddi3
                0x0201deb8      0x390 C:/devkitPro/devkitPPC/bin/../lib/gcc/powerpc-eabi/13.2.0\libgcc.a(_umoddi3.o)
                0x0201deb8                __umoddi3
 .text          0x0201e248       0x58 C:/devkitPro/devkitPPC/bin/../lib/gcc/powerpc-eabi/13.2.0\libgcc.a(crtresxfpr.o)
                0x0201e248                _restfpr_14_x
                0x0201e24c                _restfpr_15_x
                0x0201e250                _restfpr_16_x
                0x0201e254                _restfpr_17_x
                0x0201e258                _restfpr_18_x
                0x0201e25c                _restfpr_19_x
                0x0201e260                _restfpr_20_x
                0x0201e264                _restfpr_21_x
                0x0201e268                _restfpr_22_x
                0x0201e26c                _restfpr_23_x
                0x0201e270                _restfpr_24_x
                0x0201e274                _restfpr_25_x
                0x0201e278                _restfpr_26_x
                0x0201e27c                _restfpr_27_x
                0x0201e280                _restfpr_28_x
                0x0201e284                _restfpr_29_x
                0x0201e288                _restfpr_30_x
                0x0201e28c                _restfpr_31_x
 .text          0x0201e2a0       0x58 C:/devkitPro/devkitPPC/bin/../lib/gcc/powerpc-eabi/13.2.0\libgcc.a(crtresxgpr.o)
                0x0201e2a0                _restgpr_14_x
                0x0201e2a4                _restgpr_15_x
                0x0201e2a8                _restgpr_16_x
                0x0201e2ac                _restgpr_17_x
                0x0201e2b0                _restgpr_18_x
                0x0201e2b4                _restgpr_19_x
                0x0201e2b8                _restgpr_20_x
                0x0201e2bc                _restgpr_21_x
                0x0201e2c0                _restgpr_22_x
                0x0201e2c4                _restgpr_23_x
                0x0201e2c8                _restgpr_24_x
                0x0201e2cc                _restgpr_25_x
                0x0201e2d0                _restgpr_26_x
                0x0201e2d4                _restgpr_27_x
                0x0201e2d8                _restgpr_28_x
                0x0201e2dc                _restgpr_29_x
                0x0201e2e0                _restgpr_30_x
                0x0201e2e4                _restgpr_31_x
 .text.__do_global_ctors_aux
                0x0201e2f8       0x50 C:/devkitPro/devkitPPC/bin/../lib/gcc/powerpc-eabi/13.2.0/crtend.o
 *(.gnu.warning)
 *(.glink)
 .glink         0x0201e348        0x0 C:/devkitPro/devkitPPC/bin/../lib/gcc/powerpc-eabi/13.2.0/crtbegin.o
 *(SORT_NONE(.fini))
 .fini          0x0201e348        0xc C:/devkitPro/devkitPPC/bin/../lib/gcc/powerpc-eabi/13.2.0/ecrti.o
                0x0201e348                __fini